Archive member included to satisfy reference by file (symbol)

d:/mounriver_studio/toolchain/risc-v embedded gcc/bin/../lib/gcc/riscv-none-embed/8.2.0/rv32imacxw/ilp32\libgcc.a(save-restore.o)
                              ./LCD/flash.o (__riscv_save_10)
d:/mounriver_studio/toolchain/risc-v embedded gcc/bin/../lib/gcc/riscv-none-embed/8.2.0/../../../../riscv-none-embed/lib/rv32imacxw/ilp32\libg_nano.a(lib_a-memset.o)
                              ./LCD/spi.o (memset)
d:/mounriver_studio/toolchain/risc-v embedded gcc/bin/../lib/gcc/riscv-none-embed/8.2.0/../../../../riscv-none-embed/lib/rv32imacxw/ilp32\libg_nano.a(lib_a-printf.o)
                              ./User/main.o (printf)
d:/mounriver_studio/toolchain/risc-v embedded gcc/bin/../lib/gcc/riscv-none-embed/8.2.0/../../../../riscv-none-embed/lib/rv32imacxw/ilp32\libg_nano.a(lib_a-puts.o)
                              ./User/main.o (puts)
d:/mounriver_studio/toolchain/risc-v embedded gcc/bin/../lib/gcc/riscv-none-embed/8.2.0/../../../../riscv-none-embed/lib/rv32imacxw/ilp32\libg_nano.a(lib_a-wbuf.o)
                              d:/mounriver_studio/toolchain/risc-v embedded gcc/bin/../lib/gcc/riscv-none-embed/8.2.0/../../../../riscv-none-embed/lib/rv32imacxw/ilp32\libg_nano.a(lib_a-puts.o) (__swbuf_r)
d:/mounriver_studio/toolchain/risc-v embedded gcc/bin/../lib/gcc/riscv-none-embed/8.2.0/../../../../riscv-none-embed/lib/rv32imacxw/ilp32\libg_nano.a(lib_a-wsetup.o)
                              d:/mounriver_studio/toolchain/risc-v embedded gcc/bin/../lib/gcc/riscv-none-embed/8.2.0/../../../../riscv-none-embed/lib/rv32imacxw/ilp32\libg_nano.a(lib_a-puts.o) (__swsetup_r)
d:/mounriver_studio/toolchain/risc-v embedded gcc/bin/../lib/gcc/riscv-none-embed/8.2.0/../../../../riscv-none-embed/lib/rv32imacxw/ilp32\libg_nano.a(lib_a-fflush.o)
                              d:/mounriver_studio/toolchain/risc-v embedded gcc/bin/../lib/gcc/riscv-none-embed/8.2.0/../../../../riscv-none-embed/lib/rv32imacxw/ilp32\libg_nano.a(lib_a-wbuf.o) (_fflush_r)
d:/mounriver_studio/toolchain/risc-v embedded gcc/bin/../lib/gcc/riscv-none-embed/8.2.0/../../../../riscv-none-embed/lib/rv32imacxw/ilp32\libg_nano.a(lib_a-findfp.o)
                              d:/mounriver_studio/toolchain/risc-v embedded gcc/bin/../lib/gcc/riscv-none-embed/8.2.0/../../../../riscv-none-embed/lib/rv32imacxw/ilp32\libg_nano.a(lib_a-printf.o) (__sinit)
d:/mounriver_studio/toolchain/risc-v embedded gcc/bin/../lib/gcc/riscv-none-embed/8.2.0/../../../../riscv-none-embed/lib/rv32imacxw/ilp32\libg_nano.a(lib_a-fwalk.o)
                              d:/mounriver_studio/toolchain/risc-v embedded gcc/bin/../lib/gcc/riscv-none-embed/8.2.0/../../../../riscv-none-embed/lib/rv32imacxw/ilp32\libg_nano.a(lib_a-findfp.o) (_fwalk)
d:/mounriver_studio/toolchain/risc-v embedded gcc/bin/../lib/gcc/riscv-none-embed/8.2.0/../../../../riscv-none-embed/lib/rv32imacxw/ilp32\libg_nano.a(lib_a-impure.o)
                              d:/mounriver_studio/toolchain/risc-v embedded gcc/bin/../lib/gcc/riscv-none-embed/8.2.0/../../../../riscv-none-embed/lib/rv32imacxw/ilp32\libg_nano.a(lib_a-fflush.o) (_global_impure_ptr)
d:/mounriver_studio/toolchain/risc-v embedded gcc/bin/../lib/gcc/riscv-none-embed/8.2.0/../../../../riscv-none-embed/lib/rv32imacxw/ilp32\libg_nano.a(lib_a-makebuf.o)
                              d:/mounriver_studio/toolchain/risc-v embedded gcc/bin/../lib/gcc/riscv-none-embed/8.2.0/../../../../riscv-none-embed/lib/rv32imacxw/ilp32\libg_nano.a(lib_a-wsetup.o) (__smakebuf_r)
d:/mounriver_studio/toolchain/risc-v embedded gcc/bin/../lib/gcc/riscv-none-embed/8.2.0/../../../../riscv-none-embed/lib/rv32imacxw/ilp32\libg_nano.a(lib_a-nano-freer.o)
                              d:/mounriver_studio/toolchain/risc-v embedded gcc/bin/../lib/gcc/riscv-none-embed/8.2.0/../../../../riscv-none-embed/lib/rv32imacxw/ilp32\libg_nano.a(lib_a-wsetup.o) (_free_r)
d:/mounriver_studio/toolchain/risc-v embedded gcc/bin/../lib/gcc/riscv-none-embed/8.2.0/../../../../riscv-none-embed/lib/rv32imacxw/ilp32\libg_nano.a(lib_a-nano-mallocr.o)
                              d:/mounriver_studio/toolchain/risc-v embedded gcc/bin/../lib/gcc/riscv-none-embed/8.2.0/../../../../riscv-none-embed/lib/rv32imacxw/ilp32\libg_nano.a(lib_a-findfp.o) (_malloc_r)
d:/mounriver_studio/toolchain/risc-v embedded gcc/bin/../lib/gcc/riscv-none-embed/8.2.0/../../../../riscv-none-embed/lib/rv32imacxw/ilp32\libg_nano.a(lib_a-nano-vfprintf.o)
                              d:/mounriver_studio/toolchain/risc-v embedded gcc/bin/../lib/gcc/riscv-none-embed/8.2.0/../../../../riscv-none-embed/lib/rv32imacxw/ilp32\libg_nano.a(lib_a-printf.o) (_vfprintf_r)
d:/mounriver_studio/toolchain/risc-v embedded gcc/bin/../lib/gcc/riscv-none-embed/8.2.0/../../../../riscv-none-embed/lib/rv32imacxw/ilp32\libg_nano.a(lib_a-nano-vfprintf_i.o)
[...]
Memory Configuration

Name             Origin             Length             Attributes
FLASH            0x0000000000000000 0x0000000000048000 xr
RAM              0x0000000020000000 0x0000000000008000 xrw
*default*        0x0000000000000000 0xffffffffffffffff

Linker script and memory map

LOAD ./User/ch32v30x_it.o
LOAD ./User/main.o
LOAD ./User/system_ch32v30x.o
LOAD ./Startup/startup_ch32v30x_D8C.o
LOAD ./Peripheral/src/ch32v30x_adc.o
LOAD ./Peripheral/src/ch32v30x_bkp.o
LOAD ./Peripheral/src/ch32v30x_can.o
LOAD ./Peripheral/src/ch32v30x_crc.o
LOAD ./Peripheral/src/ch32v30x_dac.o
LOAD ./Peripheral/src/ch32v30x_dbgmcu.o
LOAD ./Peripheral/src/ch32v30x_dma.o
LOAD ./Peripheral/src/ch32v30x_dvp.o
LOAD ./Peripheral/src/ch32v30x_eth.o
LOAD ./Peripheral/src/ch32v30x_exti.o
LOAD ./Peripheral/src/ch32v30x_flash.o
LOAD ./Peripheral/src/ch32v30x_fsmc.o
LOAD ./Peripheral/src/ch32v30x_gpio.o
LOAD ./Peripheral/src/ch32v30x_i2c.o
LOAD ./Peripheral/src/ch32v30x_iwdg.o
LOAD ./Peripheral/src/ch32v30x_misc.o
LOAD ./Peripheral/src/ch32v30x_opa.o
LOAD ./Peripheral/src/ch32v30x_pwr.o
LOAD ./Peripheral/src/ch32v30x_rcc.o
LOAD ./Peripheral/src/ch32v30x_rng.o
LOAD ./Peripheral/src/ch32v30x_rtc.o
LOAD ./Peripheral/src/ch32v30x_sdio.o
LOAD ./Peripheral/src/ch32v30x_spi.o
LOAD ./Peripheral/src/ch32v30x_tim.o
LOAD ./Peripheral/src/ch32v30x_usart.o
LOAD ./Peripheral/src/ch32v30x_wwdg.o
LOAD ./LCD/flash.o
LOAD ./LCD/lcd.o
LOAD ./LCD/spi.o
LOAD ./Debug/debug.o
LOAD ./Core/core_riscv.o
LOAD d:/mounriver_studio/toolchain/risc-v embedded gcc/bin/../lib/gcc/riscv-none-embed/8.2.0/../../../../riscv-none-embed/lib/rv32imacxw/ilp32\libm.a
LOAD d:/mounriver_studio/toolchain/risc-v embedded gcc/bin/../lib/gcc/riscv-none-embed/8.2.0/rv32imacxw/ilp32\libgcc.a
LOAD d:/mounriver_studio/toolchain/risc-v embedded gcc/bin/../lib/gcc/riscv-none-embed/8.2.0/../../../../riscv-none-embed/lib/rv32imacxw/ilp32\libg_nano.a
LOAD d:/mounriver_studio/toolchain/risc-v embedded gcc/bin/../lib/gcc/riscv-none-embed/8.2.0/../../../../riscv-none-embed/lib/rv32imacxw/ilp32\libc_nano.a
LOAD d:/mounriver_studio/toolchain/risc-v embedded gcc/bin/../lib/gcc/riscv-none-embed/8.2.0/rv32imacxw/ilp32\libgcc.a
START GROUP
LOAD d:/mounriver_studio/toolchain/risc-v embedded gcc/bin/../lib/gcc/riscv-none-embed/8.2.0/rv32imacxw/ilp32\libgcc.a
LOAD d:/mounriver_studio/toolchain/risc-v embedded gcc/bin/../lib/gcc/riscv-none-embed/8.2.0/../../../../riscv-none-embed/lib/rv32imacxw/ilp32\libc_nano.a
LOAD d:/mounriver_studio/toolchain/risc-v embedded gcc/bin/../lib/gcc/riscv-none-embed/8.2.0/../../../../riscv-none-embed/lib/rv32imacxw/ilp32\libnosys.a
END GROUP
START GROUP
LOAD d:/mounriver_studio/toolchain/risc-v embedded gcc/bin/../lib/gcc/riscv-none-embed/8.2.0/rv32imacxw/ilp32\libgcc.a
LOAD d:/mounriver_studio/toolchain/risc-v embedded gcc/bin/../lib/gcc/riscv-none-embed/8.2.0/../../../../riscv-none-embed/lib/rv32imacxw/ilp32\libc_nano.a
LOAD d:/mounriver_studio/toolchain/risc-v embedded gcc/bin/../lib/gcc/riscv-none-embed/8.2.0/../../../../riscv-none-embed/lib/rv32imacxw/ilp32\libnosys.a
END GROUP
                0x0000000000000800                __stack_size = 0x800
                [!provide]                        PROVIDE (_stack_size = __stack_size)

.init           0x0000000000000000       0x38
                0x0000000000000000                _sinit = .
                0x0000000000000000                . = ALIGN (0x4)
 *(SORT_NONE(.init))
 .init          0x0000000000000000       0x38 ./Startup/startup_ch32v30x_D8C.o
                0x0000000000000000                _start
                0x0000000000000038                . = ALIGN (0x4)
                0x0000000000000038                _einit = .

.vector         0x0000000000000038      0x1c8
 *(.vector)
 .vector        0x0000000000000038      0x1a0 ./Startup/startup_ch32v30x_D8C.o
                0x0000000000000200                . = ALIGN (0x40)
 *fill*         0x00000000000001d8       0x28 

.text           0x0000000000000200     0x1e24
                0x0000000000000200                . = ALIGN (0x4)
 *(.text)
 .text          0x0000000000000200       0x60 d:/mounriver_studio/toolchain/risc-v embedded gcc/bin/../lib/gcc/riscv-none-embed/8.2.0/rv32imacxw/ilp32\libgcc.a(save-restore.o)
                0x0000000000000200                __riscv_save_12
                0x0000000000000208                __riscv_save_9
                0x0000000000000208                __riscv_save_11
                0x0000000000000208                __riscv_save_10
                0x0000000000000208                __riscv_save_8
                0x0000000000000216                __riscv_save_4
                0x0000000000000216                __riscv_save_6
                0x0000000000000216                __riscv_save_5
                0x0000000000000216                __riscv_save_7
                0x0000000000000230                __riscv_save_3
                0x0000000000000230                __riscv_save_2
                0x0000000000000230                __riscv_save_1
                0x0000000000000230                __riscv_save_0
                0x000000000000023c                __riscv_restore_12
                0x0000000000000240                __riscv_restore_11
                0x0000000000000240                __riscv_restore_9
                0x0000000000000240                __riscv_restore_10
                0x0000000000000240                __riscv_restore_8
                0x000000000000024a                __riscv_restore_5
                0x000000000000024a                __riscv_restore_7
                0x000000000000024a                __riscv_restore_6
                0x000000000000024a                __riscv_restore_4
                0x0000000000000254                __riscv_restore_3
                0x0000000000000254                __riscv_restore_0
                0x0000000000000254                __riscv_restore_2
                0x0000000000000254                __riscv_restore_1
 .text          0x0000000000000260       0xa8 d:/mounriver_studio/toolchain/risc-v embedded gcc/bin/../lib/gcc/riscv-none-embed/8.2.0/../../../../riscv-none-embed/lib/rv32imacxw/ilp32\libg_nano.a(lib_a-memset.o)
                0x0000000000000260                memset
 *(.text.*)
 .text.NMI_Handler
                0x0000000000000308        0x4 ./User/ch32v30x_it.o
                0x0000000000000308                NMI_Handler
 .text.HardFault_Handler
                0x000000000000030c        0x2 ./User/ch32v30x_it.o
                0x000000000000030c                HardFault_Handler
 .text.USARTx_CFG
                0x000000000000030e       0xfc ./User/main.o
                0x000000000000030e                USARTx_CFG
 .text.startup.main
                0x000000000000040a       0xee ./User/main.o
                0x000000000000040a                main
 .text.USART2_IRQHandler
                0x00000000000004f8       0x3e ./User/main.o
                0x00000000000004f8                USART2_IRQHandler
 .text.SystemInit
                0x0000000000000536       0xb2 ./User/system_ch32v30x.o
                0x0000000000000536                SystemInit
 .text.SystemCoreClockUpdate
                0x00000000000005e8       0xba ./User/system_ch32v30x.o
                0x00000000000005e8                SystemCoreClockUpdate
 .text.vector_handler
                0x00000000000006a2       0xbe ./Startup/startup_ch32v30x_D8C.o
                0x00000000000006a6                Ecall_M_Mode_Handler
                0x00000000000006a8                Ecall_U_Mode_Handler
                0x00000000000006aa                Break_Point_Handler
                0x00000000000006ac                SysTick_Handler
                0x00000000000006ae                SW_Handler
                0x00000000000006b0                WWDG_IRQHandler
                0x00000000000006b2                PVD_IRQHandler
                0x00000000000006b4                TAMPER_IRQHandler
                0x00000000000006b6                RTC_IRQHandler
                0x00000000000006b8                FLASH_IRQHandler
                0x00000000000006ba                RCC_IRQHandler
                0x00000000000006bc                EXTI0_IRQHandler
                0x00000000000006be                EXTI1_IRQHandler
                0x00000000000006c0                EXTI2_IRQHandler
                0x00000000000006c2                EXTI3_IRQHandler
                0x00000000000006c4                EXTI4_IRQHandler
                0x00000000000006c6                DMA1_Channel1_IRQHandler
                0x00000000000006c8                DMA1_Channel2_IRQHandler
                0x00000000000006ca                DMA1_Channel3_IRQHandler
                0x00000000000006cc                DMA1_Channel4_IRQHandler
                0x00000000000006ce                DMA1_Channel5_IRQHandler
                0x00000000000006d0                DMA1_Channel6_IRQHandler
                0x00000000000006d2                DMA1_Channel7_IRQHandler
                0x00000000000006d4                ADC1_2_IRQHandler
                0x00000000000006d6                USB_HP_CAN1_TX_IRQHandler
                0x00000000000006d8                USB_LP_CAN1_RX0_IRQHandler
                0x00000000000006da                CAN1_RX1_IRQHandler
                0x00000000000006dc                CAN1_SCE_IRQHandler
                0x00000000000006de                EXTI9_5_IRQHandler
                0x00000000000006e0                TIM1_BRK_IRQHandler
                0x00000000000006e2                TIM1_UP_IRQHandler
                0x00000000000006e4                TIM1_TRG_COM_IRQHandler
                0x00000000000006e6                TIM1_CC_IRQHandler
                0x00000000000006e8                TIM2_IRQHandler
                0x00000000000006ea                TIM3_IRQHandler
                0x00000000000006ec                TIM4_IRQHandler
                0x00000000000006ee                I2C1_EV_IRQHandler
                0x00000000000006f0                I2C1_ER_IRQHandler
                0x00000000000006f2                I2C2_EV_IRQHandler
                0x00000000000006f4                I2C2_ER_IRQHandler
                0x00000000000006f6                SPI1_IRQHandler
                0x00000000000006f8                SPI2_IRQHandler
                0x00000000000006fa                USART1_IRQHandler
                0x00000000000006fe                USART3_IRQHandler
                0x0000000000000700                EXTI15_10_IRQHandler
                0x0000000000000702                RTCAlarm_IRQHandler
                0x0000000000000704                USBWakeUp_IRQHandler
                0x0000000000000706                TIM8_BRK_IRQHandler
                0x0000000000000708                TIM8_UP_IRQHandler
                0x000000000000070a                TIM8_TRG_COM_IRQHandler
                0x000000000000070c                TIM8_CC_IRQHandler
                0x000000000000070e                RNG_IRQHandler
                0x0000000000000710                FSMC_IRQHandler
                0x0000000000000712                SDIO_IRQHandler
                0x0000000000000714                TIM5_IRQHandler
                0x0000000000000716                SPI3_IRQHandler
                0x0000000000000718                UART4_IRQHandler
                0x000000000000071a                UART5_IRQHandler
                0x000000000000071c                TIM6_IRQHandler
                0x000000000000071e                TIM7_IRQHandler
                0x0000000000000720                DMA2_Channel1_IRQHandler
                0x0000000000000722                DMA2_Channel2_IRQHandler
                0x0000000000000724                DMA2_Channel3_IRQHandler
                0x0000000000000726                DMA2_Channel4_IRQHandler
                0x0000000000000728                DMA2_Channel5_IRQHandler
                0x000000000000072a                ETH_IRQHandler
                0x000000000000072c                ETH_WKUP_IRQHandler
                0x000000000000072e                CAN2_TX_IRQHandler
                0x0000000000000730                CAN2_RX0_IRQHandler
                0x0000000000000732                CAN2_RX1_IRQHandler
                0x0000000000000734                CAN2_SCE_IRQHandler
                0x0000000000000736                OTG_FS_IRQHandler
                0x0000000000000738                USBHSWakeup_IRQHandler
                0x000000000000073a                USBHS_IRQHandler
                0x000000000000073c                DVP_IRQHandler
                0x000000000000073e                UART6_IRQHandler
                0x0000000000000740                UART7_IRQHandler
                0x0000000000000742                UART8_IRQHandler
                0x0000000000000744                TIM9_BRK_IRQHandler
                0x0000000000000746                TIM9_UP_IRQHandler
                0x0000000000000748                TIM9_TRG_COM_IRQHandler
                0x000000000000074a                TIM9_CC_IRQHandler
                0x000000000000074c                TIM10_BRK_IRQHandler
                0x000000000000074e                TIM10_UP_IRQHandler
                0x0000000000000750                TIM10_TRG_COM_IRQHandler
                0x0000000000000752                TIM10_CC_IRQHandler
                0x0000000000000754                DMA2_Channel6_IRQHandler
                0x0000000000000756                DMA2_Channel7_IRQHandler
                0x0000000000000758                DMA2_Channel8_IRQHandler
                0x000000000000075a                DMA2_Channel9_IRQHandler
                0x000000000000075c                DMA2_Channel10_IRQHandler
                0x000000000000075e                DMA2_Channel11_IRQHandler
 .text.handle_reset
                0x0000000000000760       0x8a ./Startup/startup_ch32v30x_D8C.o
                0x0000000000000760                handle_reset
 .text.DBGMCU_GetCHIPID
                0x00000000000007ea        0xa ./Peripheral/src/ch32v30x_dbgmcu.o
                0x00000000000007ea                DBGMCU_GetCHIPID
 .text.GPIO_Init
                0x00000000000007f4       0xc0 ./Peripheral/src/ch32v30x_gpio.o
                0x00000000000007f4                GPIO_Init
 .text.NVIC_PriorityGroupConfig
                0x00000000000008b4        0x6 ./Peripheral/src/ch32v30x_misc.o
                0x00000000000008b4                NVIC_PriorityGroupConfig
 .text.NVIC_Init
                0x00000000000008ba       0xa6 ./Peripheral/src/ch32v30x_misc.o
                0x00000000000008ba                NVIC_Init
 .text.RCC_GetClocksFreq
                0x0000000000000960      0x176 ./Peripheral/src/ch32v30x_rcc.o
                0x0000000000000960                RCC_GetClocksFreq
 .text.RCC_APB2PeriphClockCmd
                0x0000000000000ad6       0x1e ./Peripheral/src/ch32v30x_rcc.o
                0x0000000000000ad6                RCC_APB2PeriphClockCmd
 .text.RCC_APB1PeriphClockCmd
                0x0000000000000af4       0x1e ./Peripheral/src/ch32v30x_rcc.o
                0x0000000000000af4                RCC_APB1PeriphClockCmd
 .text.USART_Init
                0x0000000000000b12       0xba ./Peripheral/src/ch32v30x_usart.o
                0x0000000000000b12                USART_Init
 .text.USART_Cmd
                0x0000000000000bcc       0x16 ./Peripheral/src/ch32v30x_usart.o
                0x0000000000000bcc                USART_Cmd
 .text.USART_ITConfig
                0x0000000000000be2       0x36 ./Peripheral/src/ch32v30x_usart.o
                0x0000000000000be2                USART_ITConfig
 .text.USART_SendData
                0x0000000000000c18        0x8 ./Peripheral/src/ch32v30x_usart.o
                0x0000000000000c18                USART_SendData
 .text.USART_ReceiveData
                0x0000000000000c20        0x8 ./Peripheral/src/ch32v30x_usart.o
                0x0000000000000c20                USART_ReceiveData
 .text.USART_GetFlagStatus
                0x0000000000000c28        0xa ./Peripheral/src/ch32v30x_usart.o
                0x0000000000000c28                USART_GetFlagStatus
 .text.USART_GetITStatus
                0x0000000000000c32       0x3c ./Peripheral/src/ch32v30x_usart.o
                0x0000000000000c32                USART_GetITStatus
 .text.Delay_Init
                0x0000000000000c6e       0x26 ./Debug/debug.o
                0x0000000000000c6e                Delay_Init
 .text.Delay_Ms
                0x0000000000000c94       0x36 ./Debug/debug.o
                0x0000000000000c94                Delay_Ms
 .text.USART_Printf_Init
                0x0000000000000cca       0x52 ./Debug/debug.o
                0x0000000000000cca                USART_Printf_Init
 .text._write   0x0000000000000d1c       0x3a ./Debug/debug.o
                0x0000000000000d1c                _write
 .text._sbrk    0x0000000000000d56       0x26 ./Debug/debug.o
                0x0000000000000d56                _sbrk
 .text.printf   0x0000000000000d7c       0x40 d:/mounriver_studio/toolchain/risc-v embedded gcc/bin/../lib/gcc/riscv-none-embed/8.2.0/../../../../riscv-none-embed/lib/rv32imacxw/ilp32\libg_nano.a(lib_a-printf.o)
                0x0000000000000d7c                iprintf
                0x0000000000000d7c                printf
 .text._puts_r  0x0000000000000dbc       0xd4 d:/mounriver_studio/toolchain/risc-v embedded gcc/bin/../lib/gcc/riscv-none-embed/8.2.0/../../../../riscv-none-embed/lib/rv32imacxw/ilp32\libg_nano.a(lib_a-puts.o)
                0x0000000000000dbc                _puts_r
 .text.puts     0x0000000000000e90        0xa d:/mounriver_studio/toolchain/risc-v embedded gcc/bin/../lib/gcc/riscv-none-embed/8.2.0/../../../../riscv-none-embed/lib/rv32imacxw/ilp32\libg_nano.a(lib_a-puts.o)
                0x0000000000000e90                puts
 .text.__swbuf_r
                0x0000000000000e9a       0xbc d:/mounriver_studio/toolchain/risc-v embedded gcc/bin/../lib/gcc/riscv-none-embed/8.2.0/../../../../riscv-none-embed/lib/rv32imacxw/ilp32\libg_nano.a(lib_a-wbuf.o)
                0x0000000000000e9a                __swbuf_r
 .text.__swsetup_r
                0x0000000000000f56       0xfc d:/mounriver_studio/toolchain/risc-v embedded gcc/bin/../lib/gcc/riscv-none-embed/8.2.0/../../../../riscv-none-embed/lib/rv32imacxw/ilp32\libg_nano.a(lib_a-wsetup.o)
                0x0000000000000f56                __swsetup_r
 .text.__sflush_r
                0x0000000000001052      0x130 d:/mounriver_studio/toolchain/risc-v embedded gcc/bin/../lib/gcc/riscv-none-embed/8.2.0/../../../../riscv-none-embed/lib/rv32imacxw/ilp32\libg_nano.a(lib_a-fflush.o)
                0x0000000000001052                __sflush_r
 .text._fflush_r
                0x0000000000001182       0x64 d:/mounriver_studio/toolchain/risc-v embedded gcc/bin/../lib/gcc/riscv-none-embed/8.2.0/../../../../riscv-none-embed/lib/rv32imacxw/ilp32\libg_nano.a(lib_a-fflush.o)
                0x0000000000001182                _fflush_r
 .text.std      0x00000000000011e6       0x66 d:/mounriver_studio/toolchain/risc-v embedded gcc/bin/../lib/gcc/riscv-none-embed/8.2.0/../../../../riscv-none-embed/lib/rv32imacxw/ilp32\libg_nano.a(lib_a-findfp.o)
 .text._cleanup_r
                0x000000000000124c        0xa d:/mounriver_studio/toolchain/risc-v embedded gcc/bin/../lib/gcc/riscv-none-embed/8.2.0/../../../../riscv-none-embed/lib/rv32imacxw/ilp32\libg_nano.a(lib_a-findfp.o)
                0x000000000000124c                _cleanup_r
 .text.__sfmoreglue
                0x0000000000001256       0x46 d:/mounriver_studio/toolchain/risc-v embedded gcc/bin/../lib/gcc/riscv-none-embed/8.2.0/../../../../riscv-none-embed/lib/rv32imacxw/ilp32\libg_nano.a(lib_a-findfp.o)
                0x0000000000001256                __sfmoreglue
 .text.__sinit  0x000000000000129c       0x66 d:/mounriver_studio/toolchain/risc-v embedded gcc/bin/../lib/gcc/riscv-none-embed/8.2.0/../../../../riscv-none-embed/lib/rv32imacxw/ilp32\libg_nano.a(lib_a-findfp.o)
                0x000000000000129c                __sinit
 .text.__sfp    0x0000000000001302       0x9c d:/mounriver_studio/toolchain/risc-v embedded gcc/bin/../lib/gcc/riscv-none-embed/8.2.0/../../../../riscv-none-embed/lib/rv32imacxw/ilp32\libg_nano.a(lib_a-findfp.o)
                0x0000000000001302                __sfp
 .text._fwalk_reent
                0x000000000000139e       0x6a d:/mounriver_studio/toolchain/risc-v embedded gcc/bin/../lib/gcc/riscv-none-embed/8.2.0/../../../../riscv-none-embed/lib/rv32imacxw/ilp32\libg_nano.a(lib_a-fwalk.o)
                0x000000000000139e                _fwalk_reent
 .text.__swhatbuf_r
                0x0000000000001408       0x58 d:/mounriver_studio/toolchain/risc-v embedded gcc/bin/../lib/gcc/riscv-none-embed/8.2.0/../../../../riscv-none-embed/lib/rv32imacxw/ilp32\libg_nano.a(lib_a-makebuf.o)
                0x0000000000001408                __swhatbuf_r
 .text.__smakebuf_r
                0x0000000000001460       0x90 d:/mounriver_studio/toolchain/risc-v embedded gcc/bin/../lib/gcc/riscv-none-embed/8.2.0/../../../../riscv-none-embed/lib/rv32imacxw/ilp32\libg_nano.a(lib_a-makebuf.o)
                0x0000000000001460                __smakebuf_r
 .text._free_r  0x00000000000014f0       0xa8 d:/mounriver_studio/toolchain/risc-v embedded gcc/bin/../lib/gcc/riscv-none-embed/8.2.0/../../../../riscv-none-embed/lib/rv32imacxw/ilp32\libg_nano.a(lib_a-nano-freer.o)
                0x00000000000014f0                _free_r
 .text._malloc_r
                0x0000000000001598       0xd4 d:/mounriver_studio/toolchain/risc-v embedded gcc/bin/../lib/gcc/riscv-none-embed/8.2.0/../../../../riscv-none-embed/lib/rv32imacxw/ilp32\libg_nano.a(lib_a-nano-mallocr.o)
                0x0000000000001598                _malloc_r
 .text.__sfputc_r
                0x000000000000166c       0x28 d:/mounriver_studio/toolchain/risc-v embedded gcc/bin/../lib/gcc/riscv-none-embed/8.2.0/../../../../riscv-none-embed/lib/rv32imacxw/ilp32\libg_nano.a(lib_a-nano-vfprintf.o)
 .text.__sfputs_r
                0x0000000000001694       0x40 d:/mounriver_studio/toolchain/risc-v embedded gcc/bin/../lib/gcc/riscv-none-embed/8.2.0/../../../../riscv-none-embed/lib/rv32imacxw/ilp32\libg_nano.a(lib_a-nano-vfprintf.o)
                0x0000000000001694                __sfputs_r
 .text._vfprintf_r
                0x00000000000016d4      0x284 d:/mounriver_studio/toolchain/risc-v embedded gcc/bin/../lib/gcc/riscv-none-embed/8.2.0/../../../../riscv-none-embed/lib/rv32imacxw/ilp32\libg_nano.a(lib_a-nano-vfprintf.o)
                0x00000000000016d4                _vfprintf_r
                0x00000000000016d4                _vfiprintf_r
 .text._printf_common
                0x0000000000001958      0x10c d:/mounriver_studio/toolchain/risc-v embedded gcc/bin/../lib/gcc/riscv-none-embed/8.2.0/../../../../riscv-none-embed/lib/rv32imacxw/ilp32\libg_nano.a(lib_a-nano-vfprintf_i.o)
                0x0000000000001958                _printf_common
 .text._printf_i
                0x0000000000001a64      0x2a0 d:/mounriver_studio/toolchain/risc-v embedded gcc/bin/../lib/gcc/riscv-none-embed/8.2.0/../../../../riscv-none-embed/lib/rv32imacxw/ilp32\libg_nano.a(lib_a-nano-vfprintf_i.o)
                0x0000000000001a64                _printf_i
 .text._sbrk_r  0x0000000000001d04       0x2a d:/mounriver_studio/toolchain/risc-v embedded gcc/bin/../lib/gcc/riscv-none-embed/8.2.0/../../../../riscv-none-embed/lib/rv32imacxw/ilp32\libg_nano.a(lib_a-sbrkr.o)
                0x0000000000001d04                _sbrk_r
 .text.__sread  0x0000000000001d2e       0x2c d:/mounriver_studio/toolchain/risc-v embedded gcc/bin/../lib/gcc/riscv-none-embed/8.2.0/../../../../riscv-none-embed/lib/rv32imacxw/ilp32\libg_nano.a(lib_a-stdio.o)
                0x0000000000001d2e                __sread
 .text.__swrite
                0x0000000000001d5a       0x48 d:/mounriver_studio/toolchain/risc-v embedded gcc/bin/../lib/gcc/riscv-none-embed/8.2.0/../../../../riscv-none-embed/lib/rv32imacxw/ilp32\libg_nano.a(lib_a-stdio.o)
                0x0000000000001d5a                __swrite
 .text.__sseek  0x0000000000001da2       0x30 d:/mounriver_studio/toolchain/risc-v embedded gcc/bin/../lib/gcc/riscv-none-embed/8.2.0/../../../../riscv-none-embed/lib/rv32imacxw/ilp32\libg_nano.a(lib_a-stdio.o)
                0x0000000000001da2                __sseek
 .text.__sclose
                0x0000000000001dd2        0x6 d:/mounriver_studio/toolchain/risc-v embedded gcc/bin/../lib/gcc/riscv-none-embed/8.2.0/../../../../riscv-none-embed/lib/rv32imacxw/ilp32\libg_nano.a(lib_a-stdio.o)
                0x0000000000001dd2                __sclose
 .text._write_r
                0x0000000000001dd8       0x2e d:/mounriver_studio/toolchain/risc-v embedded gcc/bin/../lib/gcc/riscv-none-embed/8.2.0/../../../../riscv-none-embed/lib/rv32imacxw/ilp32\libg_nano.a(lib_a-writer.o)
                0x0000000000001dd8                _write_r
 .text._close_r
                0x0000000000001e06       0x28 d:/mounriver_studio/toolchain/risc-v embedded gcc/bin/../lib/gcc/riscv-none-embed/8.2.0/../../../../riscv-none-embed/lib/rv32imacxw/ilp32\libg_nano.a(lib_a-closer.o)
                0x0000000000001e06                _close_r
 .text._fstat_r
                0x0000000000001e2e       0x2a d:/mounriver_studio/toolchain/risc-v embedded gcc/bin/../lib/gcc/riscv-none-embed/8.2.0/../../../../riscv-none-embed/lib/rv32imacxw/ilp32\libg_nano.a(lib_a-fstatr.o)
                0x0000000000001e2e                _fstat_r
 .text._isatty_r
                0x0000000000001e58       0x28 d:/mounriver_studio/toolchain/risc-v embedded gcc/bin/../lib/gcc/riscv-none-embed/8.2.0/../../../../riscv-none-embed/lib/rv32imacxw/ilp32\libg_nano.a(lib_a-isattyr.o)
                0x0000000000001e58                _isatty_r
 .text._lseek_r
                0x0000000000001e80       0x2c d:/mounriver_studio/toolchain/risc-v embedded gcc/bin/../lib/gcc/riscv-none-embed/8.2.0/../../../../riscv-none-embed/lib/rv32imacxw/ilp32\libg_nano.a(lib_a-lseekr.o)
                0x0000000000001e80                _lseek_r
 .text.memchr   0x0000000000001eac       0x18 d:/mounriver_studio/toolchain/risc-v embedded gcc/bin/../lib/gcc/riscv-none-embed/8.2.0/../../../../riscv-none-embed/lib/rv32imacxw/ilp32\libg_nano.a(lib_a-memchr.o)
                0x0000000000001eac                memchr
 .text.__malloc_lock
                0x0000000000001ec4        0x2 d:/mounriver_studio/toolchain/risc-v embedded gcc/bin/../lib/gcc/riscv-none-embed/8.2.0/../../../../riscv-none-embed/lib/rv32imacxw/ilp32\libg_nano.a(lib_a-mlock.o)
                0x0000000000001ec4                __malloc_lock
 .text.__malloc_unlock
                0x0000000000001ec6        0x2 d:/mounriver_studio/toolchain/risc-v embedded gcc/bin/../lib/gcc/riscv-none-embed/8.2.0/../../../../riscv-none-embed/lib/rv32imacxw/ilp32\libg_nano.a(lib_a-mlock.o)
                0x0000000000001ec6                __malloc_unlock
 .text._read_r  0x0000000000001ec8       0x2c d:/mounriver_studio/toolchain/risc-v embedded gcc/bin/../lib/gcc/riscv-none-embed/8.2.0/../../../../riscv-none-embed/lib/rv32imacxw/ilp32\libg_nano.a(lib_a-readr.o)
                0x0000000000001ec8                _read_r
 .text._close   0x0000000000001ef4        0xc d:/mounriver_studio/toolchain/risc-v embedded gcc/bin/../lib/gcc/riscv-none-embed/8.2.0/../../../../riscv-none-embed/lib/rv32imacxw/ilp32\libnosys.a(close.o)
                0x0000000000001ef4                _close
 .text._fstat   0x0000000000001f00        0xc d:/mounriver_studio/toolchain/risc-v embedded gcc/bin/../lib/gcc/riscv-none-embed/8.2.0/../../../../riscv-none-embed/lib/rv32imacxw/ilp32\libnosys.a(fstat.o)
                0x0000000000001f00                _fstat
 .text._isatty  0x0000000000001f0c        0xc d:/mounriver_studio/toolchain/risc-v embedded gcc/bin/../lib/gcc/riscv-none-embed/8.2.0/../../../../riscv-none-embed/lib/rv32imacxw/ilp32\libnosys.a(isatty.o)
                0x0000000000001f0c                _isatty
 .text._lseek   0x0000000000001f18        0xc d:/mounriver_studio/toolchain/risc-v embedded gcc/bin/../lib/gcc/riscv-none-embed/8.2.0/../../../../riscv-none-embed/lib/rv32imacxw/ilp32\libnosys.a(lseek.o)
                0x0000000000001f18                _lseek
 .text._read    0x0000000000001f24        0xc d:/mounriver_studio/toolchain/risc-v embedded gcc/bin/../lib/gcc/riscv-none-embed/8.2.0/../../../../riscv-none-embed/lib/rv32imacxw/ilp32\libnosys.a(read.o)
                0x0000000000001f24                _read
 *(.rodata)
 *(.rodata*)
 *fill*         0x0000000000001f30        0x0 
 .rodata.main.str1.4
                0x0000000000001f30       0x57 ./User/main.o
 *fill*         0x0000000000001f87        0x1 
 .rodata.__sf_fake_stderr
                0x0000000000001f88       0x20 d:/mounriver_studio/toolchain/risc-v embedded gcc/bin/../lib/gcc/riscv-none-embed/8.2.0/../../../../riscv-none-embed/lib/rv32imacxw/ilp32\libg_nano.a(lib_a-findfp.o)
                0x0000000000001f88                __sf_fake_stderr
 .rodata.__sf_fake_stdin
                0x0000000000001fa8       0x20 d:/mounriver_studio/toolchain/risc-v embedded gcc/bin/../lib/gcc/riscv-none-embed/8.2.0/../../../../riscv-none-embed/lib/rv32imacxw/ilp32\libg_nano.a(lib_a-findfp.o)
                0x0000000000001fa8                __sf_fake_stdin
 .rodata.__sf_fake_stdout
                0x0000000000001fc8       0x20 d:/mounriver_studio/toolchain/risc-v embedded gcc/bin/../lib/gcc/riscv-none-embed/8.2.0/../../../../riscv-none-embed/lib/rv32imacxw/ilp32\libg_nano.a(lib_a-findfp.o)
                0x0000000000001fc8                __sf_fake_stdout
 .rodata._vfprintf_r.str1.4
                0x0000000000001fe8       0x13 d:/mounriver_studio/toolchain/risc-v embedded gcc/bin/../lib/gcc/riscv-none-embed/8.2.0/../../../../riscv-none-embed/lib/rv32imacxw/ilp32\libg_nano.a(lib_a-nano-vfprintf.o)
 *fill*         0x0000000000001ffb        0x1 
 .rodata._printf_i.str1.4
                0x0000000000001ffc       0x28 d:/mounriver_studio/toolchain/risc-v embedded gcc/bin/../lib/gcc/riscv-none-embed/8.2.0/../../../../riscv-none-embed/lib/rv32imacxw/ilp32\libg_nano.a(lib_a-nano-vfprintf_i.o)
                                         0x25 (size before relaxing)
 *(.gnu.linkonce.t.*)
                0x0000000000002024                . = ALIGN (0x4)

.rela.dyn       0x0000000000002024        0x0
 .rela.init     0x0000000000002024        0x0 ./User/ch32v30x_it.o
 .rela.vector   0x0000000000002024        0x0 ./User/ch32v30x_it.o
 .rela.text.handle_reset
                0x0000000000002024        0x0 ./User/ch32v30x_it.o
 .rela.text._sbrk
                0x0000000000002024        0x0 ./User/ch32v30x_it.o
 .rela.sdata.curbrk.5269
                0x0000000000002024        0x0 ./User/ch32v30x_it.o
 .rela.text._vfprintf_r
                0x0000000000002024        0x0 ./User/ch32v30x_it.o
 .rela.text._sbrk_r
                0x0000000000002024        0x0 ./User/ch32v30x_it.o
 .rela.text._write_r
                0x0000000000002024        0x0 ./User/ch32v30x_it.o
 .rela.text._close_r
                0x0000000000002024        0x0 ./User/ch32v30x_it.o
 .rela.text._fstat_r
                0x0000000000002024        0x0 ./User/ch32v30x_it.o
 .rela.text._isatty_r
                0x0000000000002024        0x0 ./User/ch32v30x_it.o
 .rela.text._lseek_r
                0x0000000000002024        0x0 ./User/ch32v30x_it.o
 .rela.text._read_r
                0x0000000000002024        0x0 ./User/ch32v30x_it.o
 .rela.text._close
                0x0000000000002024        0x0 ./User/ch32v30x_it.o
 .rela.text._fstat
                0x0000000000002024        0x0 ./User/ch32v30x_it.o
 .rela.text._isatty
                0x0000000000002024        0x0 ./User/ch32v30x_it.o
 .rela.text._lseek
                0x0000000000002024        0x0 ./User/ch32v30x_it.o
 .rela.text._read
                0x0000000000002024        0x0 ./User/ch32v30x_it.o

.fini           0x0000000000002024        0x0
 *(SORT_NONE(.fini))
                0x0000000000002024                . = ALIGN (0x4)
                [!provide]                        PROVIDE (_etext = .)
                [!provide]                        PROVIDE (_eitcm = .)

.preinit_array  0x0000000000002024        0x0
                [!provide]                        PROVIDE (__preinit_array_start = .)
 *(.preinit_array)
                [!provide]                        PROVIDE (__preinit_array_end = .)

.init_array     0x0000000000002024        0x0
                [!provide]                        PROVIDE (__init_array_start = .)
 *(SORT_BY_INIT_PRIORITY(.init_array.*) SORT_BY_INIT_PRIORITY(.ctors.*))
 *(.init_array EXCLUDE_FILE(*crtend?.o *crtend.o *crtbegin?.o *crtbegin.o) .ctors)
                [!provide]                        PROVIDE (__init_array_end = .)

.fini_array     0x0000000000002024        0x0
                [!provide]                        PROVIDE (__fini_array_start = .)
 *(SORT_BY_INIT_PRIORITY(.fini_array.*) SORT_BY_INIT_PRIORITY(.dtors.*))
 *(.fini_array EXCLUDE_FILE(*crtend?.o *crtend.o *crtbegin?.o *crtbegin.o) .dtors)
                [!provide]                        PROVIDE (__fini_array_end = .)

.ctors
 *crtbegin.o(.ctors)
 *crtbegin?.o(.ctors)
 *(EXCLUDE_FILE(*crtend?.o *crtend.o) .ctors)
 *(SORT_BY_NAME(.ctors.*))
 *(.ctors)

.dtors
 *crtbegin.o(.dtors)
 *crtbegin?.o(.dtors)
 *(EXCLUDE_FILE(*crtend?.o *crtend.o) .dtors)
 *(SORT_BY_NAME(.dtors.*))
 *(.dtors)

.dalign         0x0000000020000000        0x0 load address 0x0000000000002024
                0x0000000020000000                . = ALIGN (0x4)
                0x0000000020000000                PROVIDE (_data_vma = .)

.dlalign        0x0000000000002024        0x0
                0x0000000000002024                . = ALIGN (0x4)
                0x0000000000002024                PROVIDE (_data_lma = .)

.data           0x0000000020000000       0xa0 load address 0x0000000000002024
 *(.gnu.linkonce.r.*)
 *(.data .data.*)
 .data.AHBPrescTable
                0x0000000020000000       0x10 ./User/system_ch32v30x.o
                0x0000000020000000                AHBPrescTable
 .data.APBAHBPrescTable
                0x0000000020000010       0x10 ./Peripheral/src/ch32v30x_rcc.o
 .data.impure_data
                0x0000000020000020       0x60 d:/mounriver_studio/toolchain/risc-v embedded gcc/bin/../lib/gcc/riscv-none-embed/8.2.0/../../../../riscv-none-embed/lib/rv32imacxw/ilp32\libg_nano.a(lib_a-impure.o)
 *(.gnu.linkonce.d.*)
                0x0000000020000080                . = ALIGN (0x8)
                0x0000000020000880                PROVIDE (__global_pointer$ = (. + 0x800))
 *(.sdata .sdata.*)
 .sdata.TxBuffer1
                0x0000000020000080        0x5 ./User/main.o
                0x0000000020000080                TxBuffer1
 *fill*         0x0000000020000085        0x3 
 .sdata.SystemCoreClock
                0x0000000020000088        0x4 ./User/system_ch32v30x.o
                0x0000000020000088                SystemCoreClock
 .sdata.ADCPrescTable
                0x000000002000008c        0x4 ./Peripheral/src/ch32v30x_rcc.o
 .sdata.curbrk.5269
                0x0000000020000090        0x4 ./Debug/debug.o
 .sdata._impure_ptr
                0x0000000020000094        0x4 d:/mounriver_studio/toolchain/risc-v embedded gcc/bin/../lib/gcc/riscv-none-embed/8.2.0/../../../../riscv-none-embed/lib/rv32imacxw/ilp32\libg_nano.a(lib_a-impure.o)
                0x0000000020000094                _impure_ptr
 *(.sdata2.*)
 .sdata2._global_impure_ptr
                0x0000000020000098        0x4 d:/mounriver_studio/toolchain/risc-v embedded gcc/bin/../lib/gcc/riscv-none-embed/8.2.0/../../../../riscv-none-embed/lib/rv32imacxw/ilp32\libg_nano.a(lib_a-impure.o)
                0x0000000020000098                _global_impure_ptr
 *(.gnu.linkonce.s.*)
                0x00000000200000a0                . = ALIGN (0x8)
 *fill*         0x000000002000009c        0x4 
 *(.srodata.cst16)
 *(.srodata.cst8)
 *(.srodata.cst4)
 *(.srodata.cst2)
 *(.srodata .srodata.*)
                0x00000000200000a0                . = ALIGN (0x4)
                0x00000000200000a0                PROVIDE (_edata = .)

.bss            0x00000000200000a0       0x18 load address 0x00000000000020c4
                0x00000000200000a0                . = ALIGN (0x4)
                0x00000000200000a0                PROVIDE (_sbss = .)
 *(.sbss*)
 .sbss.RxBuffer1
                0x00000000200000a0        0x1 ./User/main.o
                0x00000000200000a0                RxBuffer1
 .sbss.RxCnt1   0x00000000200000a1        0x1 ./User/main.o
                0x00000000200000a1                RxCnt1
 .sbss.TxCnt1   0x00000000200000a2        0x1 ./User/main.o
                0x00000000200000a2                TxCnt1
 *fill*         0x00000000200000a3        0x1 
 .sbss.NVIC_Priority_Group
                0x00000000200000a4        0x4 ./Peripheral/src/ch32v30x_misc.o
                0x00000000200000a4                NVIC_Priority_Group
 .sbss.p_ms     0x00000000200000a8        0x2 ./Debug/debug.o
 .sbss.p_us     0x00000000200000aa        0x1 ./Debug/debug.o
 *fill*         0x00000000200000ab        0x1 
 .sbss.__malloc_free_list
                0x00000000200000ac        0x4 d:/mounriver_studio/toolchain/risc-v embedded gcc/bin/../lib/gcc/riscv-none-embed/8.2.0/../../../../riscv-none-embed/lib/rv32imacxw/ilp32\libg_nano.a(lib_a-nano-mallocr.o)
                0x00000000200000ac                __malloc_free_list
 .sbss.__malloc_sbrk_start
                0x00000000200000b0        0x4 d:/mounriver_studio/toolchain/risc-v embedded gcc/bin/../lib/gcc/riscv-none-embed/8.2.0/../../../../riscv-none-embed/lib/rv32imacxw/ilp32\libg_nano.a(lib_a-nano-mallocr.o)
                0x00000000200000b0                __malloc_sbrk_start
 *(.gnu.linkonce.sb.*)
 *(.bss*)
 *(.gnu.linkonce.b.*)
 *(COMMON*)
 COMMON         0x00000000200000b4        0x4 d:/mounriver_studio/toolchain/risc-v embedded gcc/bin/../lib/gcc/riscv-none-embed/8.2.0/../../../../riscv-none-embed/lib/rv32imacxw/ilp32\libg_nano.a(lib_a-reent.o)
                0x00000000200000b4                errno
                0x00000000200000b8                . = ALIGN (0x4)
                0x00000000200000b8                PROVIDE (_ebss = .)
                0x00000000200000b8                PROVIDE (_end = _ebss)
                [!provide]                        PROVIDE (end = .)

.stack          0x0000000020007800      0x800
                0x0000000020007800                PROVIDE (_heap_end = .)
                0x0000000020007800                . = ALIGN (0x4)
                [!provide]                        PROVIDE (_susrstack = .)
                0x0000000020008000                . = (. + __stack_size)
 *fill*         0x0000000020007800      0x800 
                0x0000000020008000                PROVIDE (_eusrstack = .)
OUTPUT(Project.elf elf32-littleriscv)

.debug_info     0x0000000000000000     0x8d56
 .debug_info    0x0000000000000000      0x962 ./User/ch32v30x_it.o
 .debug_info    0x0000000000000962     0x13fd ./User/main.o
 .debug_info    0x0000000000001d5f      0xb3b ./User/system_ch32v30x.o
 .debug_info    0x000000000000289a       0x22 ./Startup/startup_ch32v30x_D8C.o
 .debug_info    0x00000000000028bc      0xa94 ./Peripheral/src/ch32v30x_dbgmcu.o
 .debug_info    0x0000000000003350     0x11ea ./Peripheral/src/ch32v30x_gpio.o
 .debug_info    0x000000000000453a      0xf72 ./Peripheral/src/ch32v30x_misc.o
 .debug_info    0x00000000000054ac     0x156e ./Peripheral/src/ch32v30x_rcc.o
 .debug_info    0x0000000000006a1a     0x1420 ./Peripheral/src/ch32v30x_usart.o
 .debug_info    0x0000000000007e3a      0xf1c ./Debug/debug.o

.debug_abbrev   0x0000000000000000     0x19d3
 .debug_abbrev  0x0000000000000000      0x1cf ./User/ch32v30x_it.o
 .debug_abbrev  0x00000000000001cf      0x2da ./User/main.o
 .debug_abbrev  0x00000000000004a9      0x2b0 ./User/system_ch32v30x.o
 .debug_abbrev  0x0000000000000759       0x12 ./Startup/startup_ch32v30x_D8C.o
 .debug_abbrev  0x000000000000076b      0x2f7 ./Peripheral/src/ch32v30x_dbgmcu.o
 .debug_abbrev  0x0000000000000a62      0x31a ./Peripheral/src/ch32v30x_gpio.o
 .debug_abbrev  0x0000000000000d7c      0x2fb ./Peripheral/src/ch32v30x_misc.o
 .debug_abbrev  0x0000000000001077      0x351 ./Peripheral/src/ch32v30x_rcc.o
 .debug_abbrev  0x00000000000013c8      0x312 ./Peripheral/src/ch32v30x_usart.o
 .debug_abbrev  0x00000000000016da      0x2f9 ./Debug/debug.o

.debug_aranges  0x0000000000000000      0x4c0
 .debug_aranges
                0x0000000000000000       0x28 ./User/ch32v30x_it.o
 .debug_aranges
                0x0000000000000028       0x30 ./User/main.o
 .debug_aranges
                0x0000000000000058       0x28 ./User/system_ch32v30x.o
 .debug_aranges
                0x0000000000000080       0x30 ./Startup/startup_ch32v30x_D8C.o
 .debug_aranges
                0x00000000000000b0       0x48 ./Peripheral/src/ch32v30x_dbgmcu.o
 .debug_aranges
                0x00000000000000f8       0xb0 ./Peripheral/src/ch32v30x_gpio.o
 .debug_aranges
                0x00000000000001a8       0x28 ./Peripheral/src/ch32v30x_misc.o
 .debug_aranges
                0x00000000000001d0      0x1a8 ./Peripheral/src/ch32v30x_rcc.o
 .debug_aranges
                0x0000000000000378      0x100 ./Peripheral/src/ch32v30x_usart.o
 .debug_aranges
                0x0000000000000478       0x48 ./Debug/debug.o

.debug_ranges   0x0000000000000000      0x470
 .debug_ranges  0x0000000000000000       0x18 ./User/ch32v30x_it.o
 .debug_ranges  0x0000000000000018       0x20 ./User/main.o
 .debug_ranges  0x0000000000000038       0x18 ./User/system_ch32v30x.o
 .debug_ranges  0x0000000000000050       0x28 ./Startup/startup_ch32v30x_D8C.o
 .debug_ranges  0x0000000000000078       0x50 ./Peripheral/src/ch32v30x_dbgmcu.o
 .debug_ranges  0x00000000000000c8       0xa0 ./Peripheral/src/ch32v30x_gpio.o
 .debug_ranges  0x0000000000000168       0x48 ./Peripheral/src/ch32v30x_misc.o
 .debug_ranges  0x00000000000001b0      0x198 ./Peripheral/src/ch32v30x_rcc.o
 .debug_ranges  0x0000000000000348       0xf0 ./Peripheral/src/ch32v30x_usart.o
 .debug_ranges  0x0000000000000438       0x38 ./Debug/debug.o

.debug_line     0x0000000000000000     0x5c5d
 .debug_line    0x0000000000000000      0x20d ./User/ch32v30x_it.o
 .debug_line    0x000000000000020d      0x801 ./User/main.o
 .debug_line    0x0000000000000a0e      0x648 ./User/system_ch32v30x.o
 .debug_line    0x0000000000001056      0x356 ./Startup/startup_ch32v30x_D8C.o
 .debug_line    0x00000000000013ac      0x35f ./Peripheral/src/ch32v30x_dbgmcu.o
 .debug_line    0x000000000000170b     0x104e ./Peripheral/src/ch32v30x_gpio.o
 .debug_line    0x0000000000002759      0x4b1 ./Peripheral/src/ch32v30x_misc.o
 .debug_line    0x0000000000002c0a     0x1969 ./Peripheral/src/ch32v30x_rcc.o
 .debug_line    0x0000000000004573     0x1007 ./Peripheral/src/ch32v30x_usart.o
 .debug_line    0x000000000000557a      0x6e3 ./Debug/debug.o

.debug_str      0x0000000000000000     0x1daf
 .debug_str     0x0000000000000000      0x551 ./User/ch32v30x_it.o
                                        0x5b2 (size before relaxing)
 .debug_str     0x0000000000000551      0x9ff ./User/main.o
                                        0xf9e (size before relaxing)
 .debug_str     0x0000000000000f50       0xdd ./User/system_ch32v30x.o
                                        0x69c (size before relaxing)
 .debug_str     0x000000000000102d       0x2e ./Startup/startup_ch32v30x_D8C.o
                                         0x66 (size before relaxing)
 .debug_str     0x000000000000105b       0x87 ./Peripheral/src/ch32v30x_dbgmcu.o
                                        0x642 (size before relaxing)
 .debug_str     0x00000000000010e2      0x26e ./Peripheral/src/ch32v30x_gpio.o
                                        0x9ac (size before relaxing)
 .debug_str     0x0000000000001350      0x109 ./Peripheral/src/ch32v30x_misc.o
                                        0xcc7 (size before relaxing)
 .debug_str     0x0000000000001459      0x5cd ./Peripheral/src/ch32v30x_rcc.o
                                        0xcc6 (size before relaxing)
 .debug_str     0x0000000000001a26      0x31e ./Peripheral/src/ch32v30x_usart.o
                                        0xb13 (size before relaxing)
 .debug_str     0x0000000000001d44       0x6b ./Debug/debug.o
                                        0x8fb (size before relaxing)

.comment        0x0000000000000000       0x33
 .comment       0x0000000000000000       0x33 ./User/ch32v30x_it.o
                                         0x34 (size before relaxing)
 .comment       0x0000000000000033       0x34 ./User/main.o
 .comment       0x0000000000000033       0x34 ./User/system_ch32v30x.o
 .comment       0x0000000000000033       0x34 ./Peripheral/src/ch32v30x_dbgmcu.o
 .comment       0x0000000000000033       0x34 ./Peripheral/src/ch32v30x_gpio.o
 .comment       0x0000000000000033       0x34 ./Peripheral/src/ch32v30x_misc.o
 .comment       0x0000000000000033       0x34 ./Peripheral/src/ch32v30x_rcc.o
 .comment       0x0000000000000033       0x34 ./Peripheral/src/ch32v30x_usart.o
 .comment       0x0000000000000033       0x34 ./Debug/debug.o

.debug_frame    0x0000000000000000     0x11e8
 .debug_frame   0x0000000000000000       0x30 ./User/ch32v30x_it.o
 .debug_frame   0x0000000000000030       0x7c ./User/main.o
 .debug_frame   0x00000000000000ac       0x30 ./User/system_ch32v30x.o
 .debug_frame   0x00000000000000dc       0x70 ./Peripheral/src/ch32v30x_dbgmcu.o
 .debug_frame   0x000000000000014c      0x174 ./Peripheral/src/ch32v30x_gpio.o
 .debug_frame   0x00000000000002c0       0x30 ./Peripheral/src/ch32v30x_misc.o
 .debug_frame   0x00000000000002f0      0x344 ./Peripheral/src/ch32v30x_rcc.o
 .debug_frame   0x0000000000000634      0x204 ./Peripheral/src/ch32v30x_usart.o
 .debug_frame   0x0000000000000838       0x9c ./Debug/debug.o
 .debug_frame   0x00000000000008d4       0x54 d:/mounriver_studio/toolchain/risc-v embedded gcc/bin/../lib/gcc/riscv-none-embed/8.2.0/../../../../riscv-none-embed/lib/rv32imacxw/ilp32\libg_nano.a(lib_a-printf.o)
 .debug_frame   0x0000000000000928       0x54 d:/mounriver_studio/toolchain/risc-v embedded gcc/bin/../lib/gcc/riscv-none-embed/8.2.0/../../../../riscv-none-embed/lib/rv32imacxw/ilp32\libg_nano.a(lib_a-puts.o)
 .debug_frame   0x000000000000097c       0x50 d:/mounriver_studio/toolchain/risc-v embedded gcc/bin/../lib/gcc/riscv-none-embed/8.2.0/../../../../riscv-none-embed/lib/rv32imacxw/ilp32\libg_nano.a(lib_a-wbuf.o)
 .debug_frame   0x00000000000009cc       0x3c d:/mounriver_studio/toolchain/risc-v embedded gcc/bin/../lib/gcc/riscv-none-embed/8.2.0/../../../../riscv-none-embed/lib/rv32imacxw/ilp32\libg_nano.a(lib_a-wsetup.o)
 .debug_frame   0x0000000000000a08       0x7c d:/mounriver_studio/toolchain/risc-v embedded gcc/bin/../lib/gcc/riscv-none-embed/8.2.0/../../../../riscv-none-embed/lib/rv32imacxw/ilp32\libg_nano.a(lib_a-fflush.o)
 .debug_frame   0x0000000000000a84      0x148 d:/mounriver_studio/toolchain/risc-v embedded gcc/bin/../lib/gcc/riscv-none-embed/8.2.0/../../../../riscv-none-embed/lib/rv32imacxw/ilp32\libg_nano.a(lib_a-findfp.o)
 .debug_frame   0x0000000000000bcc       0x88 d:/mounriver_studio/toolchain/risc-v embedded gcc/bin/../lib/gcc/riscv-none-embed/8.2.0/../../../../riscv-none-embed/lib/rv32imacxw/ilp32\libg_nano.a(lib_a-fwalk.o)
 .debug_frame   0x0000000000000c54       0x64 d:/mounriver_studio/toolchain/risc-v embedded gcc/bin/../lib/gcc/riscv-none-embed/8.2.0/../../../../riscv-none-embed/lib/rv32imacxw/ilp32\libg_nano.a(lib_a-makebuf.o)
 .debug_frame   0x0000000000000cb8       0x40 d:/mounriver_studio/toolchain/risc-v embedded gcc/bin/../lib/gcc/riscv-none-embed/8.2.0/../../../../riscv-none-embed/lib/rv32imacxw/ilp32\libg_nano.a(lib_a-nano-freer.o)
 .debug_frame   0x0000000000000cf8       0x40 d:/mounriver_studio/toolchain/risc-v embedded gcc/bin/../lib/gcc/riscv-none-embed/8.2.0/../../../../riscv-none-embed/lib/rv32imacxw/ilp32\libg_nano.a(lib_a-nano-mallocr.o)
 .debug_frame   0x0000000000000d38       0xd0 d:/mounriver_studio/toolchain/risc-v embedded gcc/bin/../lib/gcc/riscv-none-embed/8.2.0/../../../../riscv-none-embed/lib/rv32imacxw/ilp32\libg_nano.a(lib_a-nano-vfprintf.o)
 .debug_frame   0x0000000000000e08       0x8c d:/mounriver_studio/toolchain/risc-v embedded gcc/bin/../lib/gcc/riscv-none-embed/8.2.0/../../../../riscv-none-embed/lib/rv32imacxw/ilp32\libg_nano.a(lib_a-nano-vfprintf_i.o)
 .debug_frame   0x0000000000000e94       0x30 d:/mounriver_studio/toolchain/risc-v embedded gcc/bin/../lib/gcc/riscv-none-embed/8.2.0/../../../../riscv-none-embed/lib/rv32imacxw/ilp32\libg_nano.a(lib_a-sbrkr.o)
 .debug_frame   0x0000000000000ec4       0xa4 d:/mounriver_studio/toolchain/risc-v embedded gcc/bin/../lib/gcc/riscv-none-embed/8.2.0/../../../../riscv-none-embed/lib/rv32imacxw/ilp32\libg_nano.a(lib_a-stdio.o)
 .debug_frame   0x0000000000000f68       0x30 d:/mounriver_studio/toolchain/risc-v embedded gcc/bin/../lib/gcc/riscv-none-embed/8.2.0/../../../../riscv-none-embed/lib/rv32imacxw/ilp32\libg_nano.a(lib_a-writer.o)
 .debug_frame   0x0000000000000f98       0x30 d:/mounriver_studio/toolchain/risc-v embedded gcc/bin/../lib/gcc/riscv-none-embed/8.2.0/../../../../riscv-none-embed/lib/rv32imacxw/ilp32\libg_nano.a(lib_a-closer.o)
 .debug_frame   0x0000000000000fc8       0x30 d:/mounriver_studio/toolchain/risc-v embedded gcc/bin/../lib/gcc/riscv-none-embed/8.2.0/../../../../riscv-none-embed/lib/rv32imacxw/ilp32\libg_nano.a(lib_a-fstatr.o)
 .debug_frame   0x0000000000000ff8       0x30 d:/mounriver_studio/toolchain/risc-v embedded gcc/bin/../lib/gcc/riscv-none-embed/8.2.0/../../../../riscv-none-embed/lib/rv32imacxw/ilp32\libg_nano.a(lib_a-isattyr.o)
 .debug_frame   0x0000000000001028       0x30 d:/mounriver_studio/toolchain/risc-v embedded gcc/bin/../lib/gcc/riscv-none-embed/8.2.0/../../../../riscv-none-embed/lib/rv32imacxw/ilp32\libg_nano.a(lib_a-lseekr.o)
 .debug_frame   0x0000000000001058       0x20 d:/mounriver_studio/toolchain/risc-v embedded gcc/bin/../lib/gcc/riscv-none-embed/8.2.0/../../../../riscv-none-embed/lib/rv32imacxw/ilp32\libg_nano.a(lib_a-memchr.o)
 .debug_frame   0x0000000000001078       0x30 d:/mounriver_studio/toolchain/risc-v embedded gcc/bin/../lib/gcc/riscv-none-embed/8.2.0/../../../../riscv-none-embed/lib/rv32imacxw/ilp32\libg_nano.a(lib_a-mlock.o)
 .debug_frame   0x00000000000010a8       0x30 d:/mounriver_studio/toolchain/risc-v embedded gcc/bin/../lib/gcc/riscv-none-embed/8.2.0/../../../../riscv-none-embed/lib/rv32imacxw/ilp32\libg_nano.a(lib_a-readr.o)
 .debug_frame   0x00000000000010d8       0x70 d:/mounriver_studio/toolchain/risc-v embedded gcc/bin/../lib/gcc/riscv-none-embed/8.2.0/../../../../riscv-none-embed/lib/rv32imacxw/ilp32\libg_nano.a(lib_a-reent.o)
 .debug_frame   0x0000000000001148       0x20 d:/mounriver_studio/toolchain/risc-v embedded gcc/bin/../lib/gcc/riscv-none-embed/8.2.0/../../../../riscv-none-embed/lib/rv32imacxw/ilp32\libnosys.a(close.o)
 .debug_frame   0x0000000000001168       0x20 d:/mounriver_studio/toolchain/risc-v embedded gcc/bin/../lib/gcc/riscv-none-embed/8.2.0/../../../../riscv-none-embed/lib/rv32imacxw/ilp32\libnosys.a(fstat.o)
 .debug_frame   0x0000000000001188       0x20 d:/mounriver_studio/toolchain/risc-v embedded gcc/bin/../lib/gcc/riscv-none-embed/8.2.0/../../../../riscv-none-embed/lib/rv32imacxw/ilp32\libnosys.a(isatty.o)
 .debug_frame   0x00000000000011a8       0x20 d:/mounriver_studio/toolchain/risc-v embedded gcc/bin/../lib/gcc/riscv-none-embed/8.2.0/../../../../riscv-none-embed/lib/rv32imacxw/ilp32\libnosys.a(lseek.o)
 .debug_frame   0x00000000000011c8       0x20 d:/mounriver_studio/toolchain/risc-v embedded gcc/bin/../lib/gcc/riscv-none-embed/8.2.0/../../../../riscv-none-embed/lib/rv32imacxw/ilp32\libnosys.a(read.o)

.debug_loc      0x0000000000000000     0x1d1c
 .debug_loc     0x0000000000000000       0xda ./User/system_ch32v30x.o
 .debug_loc     0x00000000000000da       0x7c ./Peripheral/src/ch32v30x_dbgmcu.o
 .debug_loc     0x0000000000000156      0x6eb ./Peripheral/src/ch32v30x_gpio.o
 .debug_loc     0x0000000000000841       0xce ./Peripheral/src/ch32v30x_misc.o
 .debug_loc     0x000000000000090f      0xadb ./Peripheral/src/ch32v30x_rcc.o
 .debug_loc     0x00000000000013ea      0x7bb ./Peripheral/src/ch32v30x_usart.o
 .debug_loc     0x0000000000001ba5      0x177 ./Debug/debug.o

.stab           0x0000000000000000       0x84
 .stab          0x0000000000000000       0x24 d:/mounriver_studio/toolchain/risc-v embedded gcc/bin/../lib/gcc/riscv-none-embed/8.2.0/../../../../riscv-none-embed/lib/rv32imacxw/ilp32\libnosys.a(close.o)
 .stab          0x0000000000000024       0x18 d:/mounriver_studio/toolchain/risc-v embedded gcc/bin/../lib/gcc/riscv-none-embed/8.2.0/../../../../riscv-none-embed/lib/rv32imacxw/ilp32\libnosys.a(fstat.o)
                                         0x24 (size before relaxing)
 .stab          0x000000000000003c       0x18 d:/mounriver_studio/toolchain/risc-v embedded gcc/bin/../lib/gcc/riscv-none-embed/8.2.0/../../../../riscv-none-embed/lib/rv32imacxw/ilp32\libnosys.a(isatty.o)
                                         0x24 (size before relaxing)
 .stab          0x0000000000000054       0x18 d:/mounriver_studio/toolchain/risc-v embedded gcc/bin/../lib/gcc/riscv-none-embed/8.2.0/../../../../riscv-none-embed/lib/rv32imacxw/ilp32\libnosys.a(lseek.o)
                                         0x24 (size before relaxing)
 .stab          0x000000000000006c       0x18 d:/mounriver_studio/toolchain/risc-v embedded gcc/bin/../lib/gcc/riscv-none-embed/8.2.0/../../../../riscv-none-embed/lib/rv32imacxw/ilp32\libnosys.a(read.o)
                                         0x24 (size before relaxing)

.stabstr        0x0000000000000000      0x117
 .stabstr       0x0000000000000000      0x117 d:/mounriver_studio/toolchain/risc-v embedded gcc/bin/../lib/gcc/riscv-none-embed/8.2.0/../../../../riscv-none-embed/lib/rv32imacxw/ilp32\libnosys.a(close.o)
