Archive member included to satisfy reference by file (symbol)

d:/mounriver_studio/toolchain/risc-v embedded gcc/bin/../lib/gcc/riscv-none-embed/8.2.0/rv32imacxw/ilp32\libgcc.a(save-restore.o)
                              ./Peripheral/src/ch32v30x_flash.o (__riscv_save_7)
d:/mounriver_studio/toolchain/risc-v embedded gcc/bin/../lib/gcc/riscv-none-embed/8.2.0/../../../../riscv-none-embed/lib/rv32imacxw/ilp32\libg_nano.a(lib_a-memset.o)
                              ./User/main.o (memset)
d:/mounriver_studio/toolchain/risc-v embedded gcc/bin/../lib/gcc/riscv-none-embed/8.2.0/../../../../riscv-none-embed/lib/rv32imacxw/ilp32\libg_nano.a(lib_a-printf.o)
                              ./User/main.o (printf)
d:/mounriver_studio/toolchain/risc-v embedded gcc/bin/../lib/gcc/riscv-none-embed/8.2.0/../../../../riscv-none-embed/lib/rv32imacxw/ilp32\libg_nano.a(lib_a-puts.o)
                              ./User/main.o (puts)
d:/mounriver_studio/toolchain/risc-v embedded gcc/bin/../lib/gcc/riscv-none-embed/8.2.0/../../../../riscv-none-embed/lib/rv32imacxw/ilp32\libg_nano.a(lib_a-sprintf.o)
                              ./User/main.o (sprintf)
d:/mounriver_studio/toolchain/risc-v embedded gcc/bin/../lib/gcc/riscv-none-embed/8.2.0/../../../../riscv-none-embed/lib/rv32imacxw/ilp32\libg_nano.a(lib_a-strchr.o)
                              ./User/main.o (strchr)
d:/mounriver_studio/toolchain/risc-v embedded gcc/bin/../lib/gcc/riscv-none-embed/8.2.0/../../../../riscv-none-embed/lib/rv32imacxw/ilp32\libg_nano.a(lib_a-strlen.o)
                              ./User/main.o (strlen)
d:/mounriver_studio/toolchain/risc-v embedded gcc/bin/../lib/gcc/riscv-none-embed/8.2.0/../../../../riscv-none-embed/lib/rv32imacxw/ilp32\libg_nano.a(lib_a-strncpy.o)
                              ./User/main.o (strncpy)
d:/mounriver_studio/toolchain/risc-v embedded gcc/bin/../lib/gcc/riscv-none-embed/8.2.0/../../../../riscv-none-embed/lib/rv32imacxw/ilp32\libg_nano.a(lib_a-strstr.o)
                              ./User/main.o (strstr)
d:/mounriver_studio/toolchain/risc-v embedded gcc/bin/../lib/gcc/riscv-none-embed/8.2.0/../../../../riscv-none-embed/lib/rv32imacxw/ilp32\libg_nano.a(lib_a-wbuf.o)
                              d:/mounriver_studio/toolchain/risc-v embedded gcc/bin/../lib/gcc/riscv-none-embed/8.2.0/../../../../riscv-none-embed/lib/rv32imacxw/ilp32\libg_nano.a(lib_a-puts.o) (__swbuf_r)
d:/mounriver_studio/toolchain/risc-v embedded gcc/bin/../lib/gcc/riscv-none-embed/8.2.0/../../../../riscv-none-embed/lib/rv32imacxw/ilp32\libg_nano.a(lib_a-wsetup.o)
                              d:/mounriver_studio/toolchain/risc-v embedded gcc/bin/../lib/gcc/riscv-none-embed/8.2.0/../../../../riscv-none-embed/lib/rv32imacxw/ilp32\libg_nano.a(lib_a-puts.o) (__swsetup_r)
d:/mounriver_studio/toolchain/risc-v embedded gcc/bin/../lib/gcc/riscv-none-embed/8.2.0/../../../../riscv-none-embed/lib/rv32imacxw/ilp32\libg_nano.a(lib_a-fflush.o)
                              d:/mounriver_studio/toolchain/risc-v embedded gcc/bin/../lib/gcc/riscv-none-embed/8.2.0/../../../../riscv-none-embed/lib/rv32imacxw/ilp32\libg_nano.a(lib_a-wbuf.o) (_fflush_r)
d:/mounriver_studio/toolchain/risc-v embedded gcc/bin/../lib/gcc/riscv-none-embed/8.2.0/../../../../riscv-none-embed/lib/rv32imacxw/ilp32\libg_nano.a(lib_a-findfp.o)
                              d:/mounriver_studio/toolchain/risc-v embedded gcc/bin/../lib/gcc/riscv-none-embed/8.2.0/../../../../riscv-none-embed/lib/rv32imacxw/ilp32\libg_nano.a(lib_a-printf.o) (__sinit)
d:/mounriver_studio/toolchain/risc-v embedded gcc/bin/../lib/gcc/riscv-none-embed/8.2.0/../../../../riscv-none-embed/lib/rv32imacxw/ilp32\libg_nano.a(lib_a-fwalk.o)
                              d:/mounriver_studio/toolchain/risc-v embedded gcc/bin/../lib/gcc/riscv-none-embed/8.2.0/../../../../riscv-none-embed/lib/rv32imacxw/ilp32\libg_nano.a(lib_a-findfp.o) (_fwalk)
d:/mounriver_studio/toolchain/risc-v embedded gcc/bin/../lib/gcc/riscv-none-embed/8.2.0/../../../../riscv-none-embed/lib/rv32imacxw/ilp32\libg_nano.a(lib_a-impure.o)
                              d:/mounriver_studio/toolchain/risc-v embedded gcc/bin/../lib/gcc/riscv-none-embed/8.2.0/../../../../riscv-none-embed/lib/rv32imacxw/ilp32\libg_nano.a(lib_a-fflush.o) (_global_impure_ptr)
d:/mounriver_studio/toolchain/risc-v embedded gcc/bin/../lib/gcc/riscv-none-embed/8.2.0/../../../../riscv-none-embed/lib/rv32imacxw/ilp32\libg_nano.a(lib_a-makebuf.o)
                              d:/mounriver_studio/toolchain/risc-v embedded gcc/bin/../lib/gcc/riscv-none-embed/8.2.0/../../../../riscv-none-embed/lib/rv32imacxw/ilp32\libg_nano.a(lib_a-wsetup.o) (__smakebuf_r)
d:/mounriver_studio/toolchain/risc-v embedded gcc/bin/../lib/gcc/riscv-none-embed/8.2.0/../../../../riscv-none-embed/lib/rv32imacxw/ilp32\libg_nano.a(lib_a-nano-freer.o)
[...]
Memory Configuration

Name             Origin             Length             Attributes
FLASH            0x0000000000000000 0x0000000000048000 xr
RAM              0x0000000020000000 0x0000000000008000 xrw
*default*        0x0000000000000000 0xffffffffffffffff

Linker script and memory map

LOAD ./User/ch32v30x_it.o
LOAD ./User/main.o
LOAD ./User/system_ch32v30x.o
LOAD ./Startup/startup_ch32v30x_D8C.o
LOAD ./Peripheral/src/ch32v30x_adc.o
LOAD ./Peripheral/src/ch32v30x_bkp.o
LOAD ./Peripheral/src/ch32v30x_can.o
LOAD ./Peripheral/src/ch32v30x_crc.o
LOAD ./Peripheral/src/ch32v30x_dac.o
LOAD ./Peripheral/src/ch32v30x_dbgmcu.o
LOAD ./Peripheral/src/ch32v30x_dma.o
LOAD ./Peripheral/src/ch32v30x_dvp.o
LOAD ./Peripheral/src/ch32v30x_eth.o
LOAD ./Peripheral/src/ch32v30x_exti.o
LOAD ./Peripheral/src/ch32v30x_flash.o
LOAD ./Peripheral/src/ch32v30x_fsmc.o
LOAD ./Peripheral/src/ch32v30x_gpio.o
LOAD ./Peripheral/src/ch32v30x_i2c.o
LOAD ./Peripheral/src/ch32v30x_iwdg.o
LOAD ./Peripheral/src/ch32v30x_misc.o
LOAD ./Peripheral/src/ch32v30x_opa.o
LOAD ./Peripheral/src/ch32v30x_pwr.o
LOAD ./Peripheral/src/ch32v30x_rcc.o
LOAD ./Peripheral/src/ch32v30x_rng.o
LOAD ./Peripheral/src/ch32v30x_rtc.o
LOAD ./Peripheral/src/ch32v30x_sdio.o
LOAD ./Peripheral/src/ch32v30x_spi.o
LOAD ./Peripheral/src/ch32v30x_tim.o
LOAD ./Peripheral/src/ch32v30x_usart.o
LOAD ./Peripheral/src/ch32v30x_wwdg.o
LOAD ./Debug/debug.o
LOAD ./Core/core_riscv.o
LOAD d:/mounriver_studio/toolchain/risc-v embedded gcc/bin/../lib/gcc/riscv-none-embed/8.2.0/../../../../riscv-none-embed/lib/rv32imacxw/ilp32\libm.a
LOAD d:/mounriver_studio/toolchain/risc-v embedded gcc/bin/../lib/gcc/riscv-none-embed/8.2.0/rv32imacxw/ilp32\libgcc.a
LOAD d:/mounriver_studio/toolchain/risc-v embedded gcc/bin/../lib/gcc/riscv-none-embed/8.2.0/../../../../riscv-none-embed/lib/rv32imacxw/ilp32\libg_nano.a
LOAD d:/mounriver_studio/toolchain/risc-v embedded gcc/bin/../lib/gcc/riscv-none-embed/8.2.0/../../../../riscv-none-embed/lib/rv32imacxw/ilp32\libc_nano.a
LOAD d:/mounriver_studio/toolchain/risc-v embedded gcc/bin/../lib/gcc/riscv-none-embed/8.2.0/rv32imacxw/ilp32\libgcc.a
START GROUP
LOAD d:/mounriver_studio/toolchain/risc-v embedded gcc/bin/../lib/gcc/riscv-none-embed/8.2.0/rv32imacxw/ilp32\libgcc.a
LOAD d:/mounriver_studio/toolchain/risc-v embedded gcc/bin/../lib/gcc/riscv-none-embed/8.2.0/../../../../riscv-none-embed/lib/rv32imacxw/ilp32\libc_nano.a
LOAD d:/mounriver_studio/toolchain/risc-v embedded gcc/bin/../lib/gcc/riscv-none-embed/8.2.0/../../../../riscv-none-embed/lib/rv32imacxw/ilp32\libnosys.a
END GROUP
START GROUP
LOAD d:/mounriver_studio/toolchain/risc-v embedded gcc/bin/../lib/gcc/riscv-none-embed/8.2.0/rv32imacxw/ilp32\libgcc.a
LOAD d:/mounriver_studio/toolchain/risc-v embedded gcc/bin/../lib/gcc/riscv-none-embed/8.2.0/../../../../riscv-none-embed/lib/rv32imacxw/ilp32\libc_nano.a
LOAD d:/mounriver_studio/toolchain/risc-v embedded gcc/bin/../lib/gcc/riscv-none-embed/8.2.0/../../../../riscv-none-embed/lib/rv32imacxw/ilp32\libnosys.a
END GROUP
                0x0000000000000800                __stack_size = 0x800
                [!provide]                        PROVIDE (_stack_size = __stack_size)

.init           0x0000000000000000        0x4
                0x0000000000000000                _sinit = .
                0x0000000000000000                . = ALIGN (0x4)
 *(SORT_NONE(.init))
 .init          0x0000000000000000        0x4 ./Startup/startup_ch32v30x_D8C.o
                0x0000000000000000                _start
                0x0000000000000004                . = ALIGN (0x4)
                0x0000000000000004                _einit = .

.vector         0x0000000000000004      0x1bc
 *(.vector)
 .vector        0x0000000000000004      0x1a0 ./Startup/startup_ch32v30x_D8C.o
                0x00000000000001c0                . = ALIGN (0x40)
 *fill*         0x00000000000001a4       0x1c 

.text           0x00000000000001c0     0x2528
                0x00000000000001c0                . = ALIGN (0x4)
 *(.text)
 .text          0x00000000000001c0       0x60 d:/mounriver_studio/toolchain/risc-v embedded gcc/bin/../lib/gcc/riscv-none-embed/8.2.0/rv32imacxw/ilp32\libgcc.a(save-restore.o)
                0x00000000000001c0                __riscv_save_12
                0x00000000000001c8                __riscv_save_9
                0x00000000000001c8                __riscv_save_11
                0x00000000000001c8                __riscv_save_10
                0x00000000000001c8                __riscv_save_8
                0x00000000000001d6                __riscv_save_4
                0x00000000000001d6                __riscv_save_6
                0x00000000000001d6                __riscv_save_5
                0x00000000000001d6                __riscv_save_7
                0x00000000000001f0                __riscv_save_3
                0x00000000000001f0                __riscv_save_2
                0x00000000000001f0                __riscv_save_1
                0x00000000000001f0                __riscv_save_0
                0x00000000000001fc                __riscv_restore_12
                0x0000000000000200                __riscv_restore_11
                0x0000000000000200                __riscv_restore_9
                0x0000000000000200                __riscv_restore_10
                0x0000000000000200                __riscv_restore_8
                0x000000000000020a                __riscv_restore_5
                0x000000000000020a                __riscv_restore_7
                0x000000000000020a                __riscv_restore_6
                0x000000000000020a                __riscv_restore_4
                0x0000000000000214                __riscv_restore_3
                0x0000000000000214                __riscv_restore_0
                0x0000000000000214                __riscv_restore_2
                0x0000000000000214                __riscv_restore_1
 .text          0x0000000000000220       0xa8 d:/mounriver_studio/toolchain/risc-v embedded gcc/bin/../lib/gcc/riscv-none-embed/8.2.0/../../../../riscv-none-embed/lib/rv32imacxw/ilp32\libg_nano.a(lib_a-memset.o)
                0x0000000000000220                memset
 *(.text.*)
 .text.NMI_Handler
                0x00000000000002c8        0x2 ./User/ch32v30x_it.o
                0x00000000000002c8                NMI_Handler
 .text.HardFault_Handler
                0x00000000000002ca        0x2 ./User/ch32v30x_it.o
                0x00000000000002ca                HardFault_Handler
 .text.extract_address
                0x00000000000002cc       0x34 ./User/main.o
                0x00000000000002cc                extract_address
 .text.extract_data
                0x0000000000000300       0x5c ./User/main.o
                0x0000000000000300                extract_data
 .text.NearLink_SendData
                0x000000000000035c       0x40 ./User/main.o
                0x000000000000035c                NearLink_SendData
 .text.USARTx_CFG
                0x000000000000039c       0xa2 ./User/main.o
                0x000000000000039c                USARTx_CFG
 .text.startup.main
                0x000000000000043e      0x1d4 ./User/main.o
                0x000000000000043e                main
 .text.USART2_IRQHandler
                0x0000000000000612       0x42 ./User/main.o
                0x0000000000000612                USART2_IRQHandler
 .text.SystemInit
                0x0000000000000654       0xfa ./User/system_ch32v30x.o
                0x0000000000000654                SystemInit
 .text.SystemCoreClockUpdate
                0x000000000000074e      0x12e ./User/system_ch32v30x.o
                0x000000000000074e                SystemCoreClockUpdate
 .text.vector_handler
                0x000000000000087c        0x2 ./Startup/startup_ch32v30x_D8C.o
                0x000000000000087c                EXTI2_IRQHandler
                0x000000000000087c                TIM8_TRG_COM_IRQHandler
                0x000000000000087c                TIM8_CC_IRQHandler
                0x000000000000087c                UART8_IRQHandler
                0x000000000000087c                TIM1_CC_IRQHandler
                0x000000000000087c                TIM6_IRQHandler
                0x000000000000087c                SysTick_Handler
                0x000000000000087c                PVD_IRQHandler
                0x000000000000087c                SDIO_IRQHandler
                0x000000000000087c                TIM9_BRK_IRQHandler
                0x000000000000087c                DMA2_Channel8_IRQHandler
                0x000000000000087c                CAN2_RX1_IRQHandler
                0x000000000000087c                EXTI3_IRQHandler
                0x000000000000087c                USBHS_IRQHandler
                0x000000000000087c                DMA2_Channel9_IRQHandler
                0x000000000000087c                TIM10_CC_IRQHandler
                0x000000000000087c                USBFS_IRQHandler
                0x000000000000087c                EXTI0_IRQHandler
                0x000000000000087c                I2C2_EV_IRQHandler
                0x000000000000087c                TIM10_TRG_COM_IRQHandler
                0x000000000000087c                CAN2_SCE_IRQHandler
                0x000000000000087c                ADC1_2_IRQHandler
                0x000000000000087c                Break_Point_Handler
                0x000000000000087c                SPI1_IRQHandler
                0x000000000000087c                TAMPER_IRQHandler
                0x000000000000087c                CAN2_RX0_IRQHandler
                0x000000000000087c                TIM8_UP_IRQHandler
                0x000000000000087c                Ecall_M_Mode_Handler
                0x000000000000087c                DMA2_Channel2_IRQHandler
                0x000000000000087c                DMA1_Channel4_IRQHandler
                0x000000000000087c                TIM9_UP_IRQHandler
                0x000000000000087c                USART3_IRQHandler
                0x000000000000087c                RTC_IRQHandler
                0x000000000000087c                DMA1_Channel7_IRQHandler
                0x000000000000087c                CAN1_RX1_IRQHandler
                0x000000000000087c                DVP_IRQHandler
                0x000000000000087c                UART5_IRQHandler
                0x000000000000087c                TIM4_IRQHandler
                0x000000000000087c                DMA2_Channel1_IRQHandler
                0x000000000000087c                I2C1_EV_IRQHandler
                0x000000000000087c                DMA1_Channel6_IRQHandler
                0x000000000000087c                UART4_IRQHandler
                0x000000000000087c                DMA2_Channel4_IRQHandler
                0x000000000000087c                TIM3_IRQHandler
                0x000000000000087c                RCC_IRQHandler
                0x000000000000087c                TIM1_TRG_COM_IRQHandler
                0x000000000000087c                DMA1_Channel1_IRQHandler
                0x000000000000087c                DMA2_Channel7_IRQHandler
                0x000000000000087c                EXTI15_10_IRQHandler
                0x000000000000087c                TIM7_IRQHandler
                0x000000000000087c                CAN2_TX_IRQHandler
                0x000000000000087c                TIM5_IRQHandler
                0x000000000000087c                EXTI9_5_IRQHandler
                0x000000000000087c                ETH_WKUP_IRQHandler
                0x000000000000087c                SPI2_IRQHandler
                0x000000000000087c                TIM10_BRK_IRQHandler
                0x000000000000087c                TIM9_CC_IRQHandler
                0x000000000000087c                DMA2_Channel5_IRQHandler
                0x000000000000087c                DMA1_Channel5_IRQHandler
                0x000000000000087c                EXTI4_IRQHandler
                0x000000000000087c                USB_LP_CAN1_RX0_IRQHandler
                0x000000000000087c                RNG_IRQHandler
                0x000000000000087c                USB_HP_CAN1_TX_IRQHandler
                0x000000000000087c                DMA1_Channel3_IRQHandler
                0x000000000000087c                ETH_IRQHandler
                0x000000000000087c                TIM1_UP_IRQHandler
                0x000000000000087c                WWDG_IRQHandler
                0x000000000000087c                USBHSWakeup_IRQHandler
                0x000000000000087c                DMA2_Channel11_IRQHandler
                0x000000000000087c                Ecall_U_Mode_Handler
                0x000000000000087c                DMA2_Channel6_IRQHandler
                0x000000000000087c                TIM2_IRQHandler
                0x000000000000087c                SW_Handler
                0x000000000000087c                TIM1_BRK_IRQHandler
                0x000000000000087c                DMA2_Channel10_IRQHandler
                0x000000000000087c                EXTI1_IRQHandler
                0x000000000000087c                RTCAlarm_IRQHandler
                0x000000000000087c                TIM10_UP_IRQHandler
                0x000000000000087c                TIM9_TRG_COM_IRQHandler
                0x000000000000087c                UART7_IRQHandler
                0x000000000000087c                UART6_IRQHandler
                0x000000000000087c                I2C2_ER_IRQHandler
                0x000000000000087c                DMA1_Channel2_IRQHandler
                0x000000000000087c                TIM8_BRK_IRQHandler
                0x000000000000087c                CAN1_SCE_IRQHandler
                0x000000000000087c                FLASH_IRQHandler
                0x000000000000087c                USART1_IRQHandler
                0x000000000000087c                SPI3_IRQHandler
                0x000000000000087c                I2C1_ER_IRQHandler
                0x000000000000087c                USBWakeUp_IRQHandler
                0x000000000000087c                DMA2_Channel3_IRQHandler
 .text.handle_reset
                0x000000000000087e       0x8e ./Startup/startup_ch32v30x_D8C.o
                0x000000000000087e                handle_reset
 .text.DBGMCU_GetCHIPID
                0x000000000000090c        0xa ./Peripheral/src/ch32v30x_dbgmcu.o
                0x000000000000090c                DBGMCU_GetCHIPID
 .text.GPIO_Init
                0x0000000000000916       0xc0 ./Peripheral/src/ch32v30x_gpio.o
                0x0000000000000916                GPIO_Init
 .text.NVIC_PriorityGroupConfig
                0x00000000000009d6        0x6 ./Peripheral/src/ch32v30x_misc.o
                0x00000000000009d6                NVIC_PriorityGroupConfig
 .text.NVIC_Init
                0x00000000000009dc       0x4e ./Peripheral/src/ch32v30x_misc.o
                0x00000000000009dc                NVIC_Init
 .text.RCC_GetClocksFreq
                0x0000000000000a2a      0x176 ./Peripheral/src/ch32v30x_rcc.o
                0x0000000000000a2a                RCC_GetClocksFreq
 .text.RCC_APB2PeriphClockCmd
                0x0000000000000ba0       0x1e ./Peripheral/src/ch32v30x_rcc.o
                0x0000000000000ba0                RCC_APB2PeriphClockCmd
 .text.RCC_APB1PeriphClockCmd
                0x0000000000000bbe       0x1e ./Peripheral/src/ch32v30x_rcc.o
                0x0000000000000bbe                RCC_APB1PeriphClockCmd
 .text.USART_Init
                0x0000000000000bdc       0x8e ./Peripheral/src/ch32v30x_usart.o
                0x0000000000000bdc                USART_Init
 .text.USART_Cmd
                0x0000000000000c6a       0x16 ./Peripheral/src/ch32v30x_usart.o
                0x0000000000000c6a                USART_Cmd
 .text.USART_ITConfig
                0x0000000000000c80       0x36 ./Peripheral/src/ch32v30x_usart.o
                0x0000000000000c80                USART_ITConfig
 .text.USART_SendData
                0x0000000000000cb6        0x8 ./Peripheral/src/ch32v30x_usart.o
                0x0000000000000cb6                USART_SendData
 .text.USART_ReceiveData
                0x0000000000000cbe        0x8 ./Peripheral/src/ch32v30x_usart.o
                0x0000000000000cbe                USART_ReceiveData
 .text.USART_GetFlagStatus
                0x0000000000000cc6        0xa ./Peripheral/src/ch32v30x_usart.o
                0x0000000000000cc6                USART_GetFlagStatus
 .text.Delay_Init
                0x0000000000000cd0       0x2a ./Debug/debug.o
                0x0000000000000cd0                Delay_Init
 .text.Delay_Ms
                0x0000000000000cfa       0x36 ./Debug/debug.o
                0x0000000000000cfa                Delay_Ms
 .text.USART_Printf_Init
                0x0000000000000d30       0x52 ./Debug/debug.o
                0x0000000000000d30                USART_Printf_Init
 .text._write   0x0000000000000d82       0x3a ./Debug/debug.o
                0x0000000000000d82                _write
 .text._sbrk    0x0000000000000dbc       0x2a ./Debug/debug.o
                0x0000000000000dbc                _sbrk
 .text.printf   0x0000000000000de6       0x40 d:/mounriver_studio/toolchain/risc-v embedded gcc/bin/../lib/gcc/riscv-none-embed/8.2.0/../../../../riscv-none-embed/lib/rv32imacxw/ilp32\libg_nano.a(lib_a-printf.o)
                0x0000000000000de6                iprintf
                0x0000000000000de6                printf
 .text._puts_r  0x0000000000000e26       0xd4 d:/mounriver_studio/toolchain/risc-v embedded gcc/bin/../lib/gcc/riscv-none-embed/8.2.0/../../../../riscv-none-embed/lib/rv32imacxw/ilp32\libg_nano.a(lib_a-puts.o)
                0x0000000000000e26                _puts_r
 .text.puts     0x0000000000000efa        0xa d:/mounriver_studio/toolchain/risc-v embedded gcc/bin/../lib/gcc/riscv-none-embed/8.2.0/../../../../riscv-none-embed/lib/rv32imacxw/ilp32\libg_nano.a(lib_a-puts.o)
                0x0000000000000efa                puts
 .text.sprintf  0x0000000000000f04       0x46 d:/mounriver_studio/toolchain/risc-v embedded gcc/bin/../lib/gcc/riscv-none-embed/8.2.0/../../../../riscv-none-embed/lib/rv32imacxw/ilp32\libg_nano.a(lib_a-sprintf.o)
                0x0000000000000f04                siprintf
                0x0000000000000f04                sprintf
 .text.strchr   0x0000000000000f4a       0x18 d:/mounriver_studio/toolchain/risc-v embedded gcc/bin/../lib/gcc/riscv-none-embed/8.2.0/../../../../riscv-none-embed/lib/rv32imacxw/ilp32\libg_nano.a(lib_a-strchr.o)
                0x0000000000000f4a                strchr
 .text.strlen   0x0000000000000f62       0x12 d:/mounriver_studio/toolchain/risc-v embedded gcc/bin/../lib/gcc/riscv-none-embed/8.2.0/../../../../riscv-none-embed/lib/rv32imacxw/ilp32\libg_nano.a(lib_a-strlen.o)
                0x0000000000000f62                strlen
 .text.strncpy  0x0000000000000f74       0x24 d:/mounriver_studio/toolchain/risc-v embedded gcc/bin/../lib/gcc/riscv-none-embed/8.2.0/../../../../riscv-none-embed/lib/rv32imacxw/ilp32\libg_nano.a(lib_a-strncpy.o)
                0x0000000000000f74                strncpy
 .text.strstr   0x0000000000000f98       0x34 d:/mounriver_studio/toolchain/risc-v embedded gcc/bin/../lib/gcc/riscv-none-embed/8.2.0/../../../../riscv-none-embed/lib/rv32imacxw/ilp32\libg_nano.a(lib_a-strstr.o)
                0x0000000000000f98                strstr
 .text.__swbuf_r
                0x0000000000000fcc       0xbc d:/mounriver_studio/toolchain/risc-v embedded gcc/bin/../lib/gcc/riscv-none-embed/8.2.0/../../../../riscv-none-embed/lib/rv32imacxw/ilp32\libg_nano.a(lib_a-wbuf.o)
                0x0000000000000fcc                __swbuf_r
 .text.__swsetup_r
                0x0000000000001088       0xfc d:/mounriver_studio/toolchain/risc-v embedded gcc/bin/../lib/gcc/riscv-none-embed/8.2.0/../../../../riscv-none-embed/lib/rv32imacxw/ilp32\libg_nano.a(lib_a-wsetup.o)
                0x0000000000001088                __swsetup_r
 .text.__sflush_r
                0x0000000000001184      0x130 d:/mounriver_studio/toolchain/risc-v embedded gcc/bin/../lib/gcc/riscv-none-embed/8.2.0/../../../../riscv-none-embed/lib/rv32imacxw/ilp32\libg_nano.a(lib_a-fflush.o)
                0x0000000000001184                __sflush_r
 .text._fflush_r
                0x00000000000012b4       0x64 d:/mounriver_studio/toolchain/risc-v embedded gcc/bin/../lib/gcc/riscv-none-embed/8.2.0/../../../../riscv-none-embed/lib/rv32imacxw/ilp32\libg_nano.a(lib_a-fflush.o)
                0x00000000000012b4                _fflush_r
 .text.std      0x0000000000001318       0x66 d:/mounriver_studio/toolchain/risc-v embedded gcc/bin/../lib/gcc/riscv-none-embed/8.2.0/../../../../riscv-none-embed/lib/rv32imacxw/ilp32\libg_nano.a(lib_a-findfp.o)
 .text._cleanup_r
                0x000000000000137e        0xa d:/mounriver_studio/toolchain/risc-v embedded gcc/bin/../lib/gcc/riscv-none-embed/8.2.0/../../../../riscv-none-embed/lib/rv32imacxw/ilp32\libg_nano.a(lib_a-findfp.o)
                0x000000000000137e                _cleanup_r
 .text.__sfmoreglue
                0x0000000000001388       0x46 d:/mounriver_studio/toolchain/risc-v embedded gcc/bin/../lib/gcc/riscv-none-embed/8.2.0/../../../../riscv-none-embed/lib/rv32imacxw/ilp32\libg_nano.a(lib_a-findfp.o)
                0x0000000000001388                __sfmoreglue
 .text.__sinit  0x00000000000013ce       0x66 d:/mounriver_studio/toolchain/risc-v embedded gcc/bin/../lib/gcc/riscv-none-embed/8.2.0/../../../../riscv-none-embed/lib/rv32imacxw/ilp32\libg_nano.a(lib_a-findfp.o)
                0x00000000000013ce                __sinit
 .text.__sfp    0x0000000000001434       0x9c d:/mounriver_studio/toolchain/risc-v embedded gcc/bin/../lib/gcc/riscv-none-embed/8.2.0/../../../../riscv-none-embed/lib/rv32imacxw/ilp32\libg_nano.a(lib_a-findfp.o)
                0x0000000000001434                __sfp
 .text._fwalk_reent
                0x00000000000014d0       0x6a d:/mounriver_studio/toolchain/risc-v embedded gcc/bin/../lib/gcc/riscv-none-embed/8.2.0/../../../../riscv-none-embed/lib/rv32imacxw/ilp32\libg_nano.a(lib_a-fwalk.o)
                0x00000000000014d0                _fwalk_reent
 .text.__swhatbuf_r
                0x000000000000153a       0x58 d:/mounriver_studio/toolchain/risc-v embedded gcc/bin/../lib/gcc/riscv-none-embed/8.2.0/../../../../riscv-none-embed/lib/rv32imacxw/ilp32\libg_nano.a(lib_a-makebuf.o)
                0x000000000000153a                __swhatbuf_r
 .text.__smakebuf_r
                0x0000000000001592       0x90 d:/mounriver_studio/toolchain/risc-v embedded gcc/bin/../lib/gcc/riscv-none-embed/8.2.0/../../../../riscv-none-embed/lib/rv32imacxw/ilp32\libg_nano.a(lib_a-makebuf.o)
                0x0000000000001592                __smakebuf_r
 .text._free_r  0x0000000000001622       0xa8 d:/mounriver_studio/toolchain/risc-v embedded gcc/bin/../lib/gcc/riscv-none-embed/8.2.0/../../../../riscv-none-embed/lib/rv32imacxw/ilp32\libg_nano.a(lib_a-nano-freer.o)
                0x0000000000001622                _free_r
 .text._malloc_r
                0x00000000000016ca       0xda d:/mounriver_studio/toolchain/risc-v embedded gcc/bin/../lib/gcc/riscv-none-embed/8.2.0/../../../../riscv-none-embed/lib/rv32imacxw/ilp32\libg_nano.a(lib_a-nano-mallocr.o)
                0x00000000000016ca                _malloc_r
 .text.__ssputs_r
                0x00000000000017a4       0xe0 d:/mounriver_studio/toolchain/risc-v embedded gcc/bin/../lib/gcc/riscv-none-embed/8.2.0/../../../../riscv-none-embed/lib/rv32imacxw/ilp32\libg_nano.a(lib_a-nano-svfprintf.o)
                0x00000000000017a4                __ssputs_r
 .text._svfprintf_r
                0x0000000000001884      0x266 d:/mounriver_studio/toolchain/risc-v embedded gcc/bin/../lib/gcc/riscv-none-embed/8.2.0/../../../../riscv-none-embed/lib/rv32imacxw/ilp32\libg_nano.a(lib_a-nano-svfprintf.o)
                0x0000000000001884                _svfiprintf_r
                0x0000000000001884                _svfprintf_r
 .text.__sfputc_r
                0x0000000000001aea       0x28 d:/mounriver_studio/toolchain/risc-v embedded gcc/bin/../lib/gcc/riscv-none-embed/8.2.0/../../../../riscv-none-embed/lib/rv32imacxw/ilp32\libg_nano.a(lib_a-nano-vfprintf.o)
 .text.__sfputs_r
                0x0000000000001b12       0x40 d:/mounriver_studio/toolchain/risc-v embedded gcc/bin/../lib/gcc/riscv-none-embed/8.2.0/../../../../riscv-none-embed/lib/rv32imacxw/ilp32\libg_nano.a(lib_a-nano-vfprintf.o)
                0x0000000000001b12                __sfputs_r
 .text._vfprintf_r
                0x0000000000001b52      0x286 d:/mounriver_studio/toolchain/risc-v embedded gcc/bin/../lib/gcc/riscv-none-embed/8.2.0/../../../../riscv-none-embed/lib/rv32imacxw/ilp32\libg_nano.a(lib_a-nano-vfprintf.o)
                0x0000000000001b52                _vfprintf_r
                0x0000000000001b52                _vfiprintf_r
 .text._printf_common
                0x0000000000001dd8      0x10c d:/mounriver_studio/toolchain/risc-v embedded gcc/bin/../lib/gcc/riscv-none-embed/8.2.0/../../../../riscv-none-embed/lib/rv32imacxw/ilp32\libg_nano.a(lib_a-nano-vfprintf_i.o)
                0x0000000000001dd8                _printf_common
 .text._printf_i
                0x0000000000001ee4      0x2a0 d:/mounriver_studio/toolchain/risc-v embedded gcc/bin/../lib/gcc/riscv-none-embed/8.2.0/../../../../riscv-none-embed/lib/rv32imacxw/ilp32\libg_nano.a(lib_a-nano-vfprintf_i.o)
                0x0000000000001ee4                _printf_i
 .text._sbrk_r  0x0000000000002184       0x32 d:/mounriver_studio/toolchain/risc-v embedded gcc/bin/../lib/gcc/riscv-none-embed/8.2.0/../../../../riscv-none-embed/lib/rv32imacxw/ilp32\libg_nano.a(lib_a-sbrkr.o)
                0x0000000000002184                _sbrk_r
 .text.__sread  0x00000000000021b6       0x2c d:/mounriver_studio/toolchain/risc-v embedded gcc/bin/../lib/gcc/riscv-none-embed/8.2.0/../../../../riscv-none-embed/lib/rv32imacxw/ilp32\libg_nano.a(lib_a-stdio.o)
                0x00000000000021b6                __sread
 .text.__swrite
                0x00000000000021e2       0x48 d:/mounriver_studio/toolchain/risc-v embedded gcc/bin/../lib/gcc/riscv-none-embed/8.2.0/../../../../riscv-none-embed/lib/rv32imacxw/ilp32\libg_nano.a(lib_a-stdio.o)
                0x00000000000021e2                __swrite
 .text.__sseek  0x000000000000222a       0x30 d:/mounriver_studio/toolchain/risc-v embedded gcc/bin/../lib/gcc/riscv-none-embed/8.2.0/../../../../riscv-none-embed/lib/rv32imacxw/ilp32\libg_nano.a(lib_a-stdio.o)
                0x000000000000222a                __sseek
 .text.__sclose
                0x000000000000225a        0x6 d:/mounriver_studio/toolchain/risc-v embedded gcc/bin/../lib/gcc/riscv-none-embed/8.2.0/../../../../riscv-none-embed/lib/rv32imacxw/ilp32\libg_nano.a(lib_a-stdio.o)
                0x000000000000225a                __sclose
 .text._write_r
                0x0000000000002260       0x36 d:/mounriver_studio/toolchain/risc-v embedded gcc/bin/../lib/gcc/riscv-none-embed/8.2.0/../../../../riscv-none-embed/lib/rv32imacxw/ilp32\libg_nano.a(lib_a-writer.o)
                0x0000000000002260                _write_r
 .text._close_r
                0x0000000000002296       0x30 d:/mounriver_studio/toolchain/risc-v embedded gcc/bin/../lib/gcc/riscv-none-embed/8.2.0/../../../../riscv-none-embed/lib/rv32imacxw/ilp32\libg_nano.a(lib_a-closer.o)
                0x0000000000002296                _close_r
 .text._fstat_r
                0x00000000000022c6       0x32 d:/mounriver_studio/toolchain/risc-v embedded gcc/bin/../lib/gcc/riscv-none-embed/8.2.0/../../../../riscv-none-embed/lib/rv32imacxw/ilp32\libg_nano.a(lib_a-fstatr.o)
                0x00000000000022c6                _fstat_r
 .text._isatty_r
                0x00000000000022f8       0x30 d:/mounriver_studio/toolchain/risc-v embedded gcc/bin/../lib/gcc/riscv-none-embed/8.2.0/../../../../riscv-none-embed/lib/rv32imacxw/ilp32\libg_nano.a(lib_a-isattyr.o)
                0x00000000000022f8                _isatty_r
 .text._lseek_r
                0x0000000000002328       0x34 d:/mounriver_studio/toolchain/risc-v embedded gcc/bin/../lib/gcc/riscv-none-embed/8.2.0/../../../../riscv-none-embed/lib/rv32imacxw/ilp32\libg_nano.a(lib_a-lseekr.o)
                0x0000000000002328                _lseek_r
 .text.memchr   0x000000000000235c       0x18 d:/mounriver_studio/toolchain/risc-v embedded gcc/bin/../lib/gcc/riscv-none-embed/8.2.0/../../../../riscv-none-embed/lib/rv32imacxw/ilp32\libg_nano.a(lib_a-memchr.o)
                0x000000000000235c                memchr
 .text.memcpy   0x0000000000002374       0xb2 d:/mounriver_studio/toolchain/risc-v embedded gcc/bin/../lib/gcc/riscv-none-embed/8.2.0/../../../../riscv-none-embed/lib/rv32imacxw/ilp32\libg_nano.a(lib_a-memcpy.o)
                0x0000000000002374                memcpy
 .text.memmove  0x0000000000002426       0x46 d:/mounriver_studio/toolchain/risc-v embedded gcc/bin/../lib/gcc/riscv-none-embed/8.2.0/../../../../riscv-none-embed/lib/rv32imacxw/ilp32\libg_nano.a(lib_a-memmove.o)
                0x0000000000002426                memmove
 .text.__malloc_lock
                0x000000000000246c        0x2 d:/mounriver_studio/toolchain/risc-v embedded gcc/bin/../lib/gcc/riscv-none-embed/8.2.0/../../../../riscv-none-embed/lib/rv32imacxw/ilp32\libg_nano.a(lib_a-mlock.o)
                0x000000000000246c                __malloc_lock
 .text.__malloc_unlock
                0x000000000000246e        0x2 d:/mounriver_studio/toolchain/risc-v embedded gcc/bin/../lib/gcc/riscv-none-embed/8.2.0/../../../../riscv-none-embed/lib/rv32imacxw/ilp32\libg_nano.a(lib_a-mlock.o)
                0x000000000000246e                __malloc_unlock
 .text._realloc_r
                0x0000000000002470       0x56 d:/mounriver_studio/toolchain/risc-v embedded gcc/bin/../lib/gcc/riscv-none-embed/8.2.0/../../../../riscv-none-embed/lib/rv32imacxw/ilp32\libg_nano.a(lib_a-nano-reallocr.o)
                0x0000000000002470                _realloc_r
 .text._read_r  0x00000000000024c6       0x34 d:/mounriver_studio/toolchain/risc-v embedded gcc/bin/../lib/gcc/riscv-none-embed/8.2.0/../../../../riscv-none-embed/lib/rv32imacxw/ilp32\libg_nano.a(lib_a-readr.o)
                0x00000000000024c6                _read_r
 .text._malloc_usable_size_r
                0x00000000000024fa       0x14 d:/mounriver_studio/toolchain/risc-v embedded gcc/bin/../lib/gcc/riscv-none-embed/8.2.0/../../../../riscv-none-embed/lib/rv32imacxw/ilp32\libg_nano.a(lib_a-nano-msizer.o)
                0x00000000000024fa                _malloc_usable_size_r
 .text._close   0x000000000000250e       0x10 d:/mounriver_studio/toolchain/risc-v embedded gcc/bin/../lib/gcc/riscv-none-embed/8.2.0/../../../../riscv-none-embed/lib/rv32imacxw/ilp32\libnosys.a(close.o)
                0x000000000000250e                _close
 .text._fstat   0x000000000000251e       0x10 d:/mounriver_studio/toolchain/risc-v embedded gcc/bin/../lib/gcc/riscv-none-embed/8.2.0/../../../../riscv-none-embed/lib/rv32imacxw/ilp32\libnosys.a(fstat.o)
                0x000000000000251e                _fstat
 .text._isatty  0x000000000000252e       0x10 d:/mounriver_studio/toolchain/risc-v embedded gcc/bin/../lib/gcc/riscv-none-embed/8.2.0/../../../../riscv-none-embed/lib/rv32imacxw/ilp32\libnosys.a(isatty.o)
                0x000000000000252e                _isatty
 .text._lseek   0x000000000000253e       0x10 d:/mounriver_studio/toolchain/risc-v embedded gcc/bin/../lib/gcc/riscv-none-embed/8.2.0/../../../../riscv-none-embed/lib/rv32imacxw/ilp32\libnosys.a(lseek.o)
                0x000000000000253e                _lseek
 .text._read    0x000000000000254e       0x10 d:/mounriver_studio/toolchain/risc-v embedded gcc/bin/../lib/gcc/riscv-none-embed/8.2.0/../../../../riscv-none-embed/lib/rv32imacxw/ilp32\libnosys.a(read.o)
                0x000000000000254e                _read
 *(.rodata)
 *(.rodata*)
 *fill*         0x000000000000255e        0x2 
 .rodata.main.str1.4
                0x0000000000002560       0xea ./User/main.o
 *fill*         0x000000000000264a        0x2 
 .rodata.__sf_fake_stderr
                0x000000000000264c       0x20 d:/mounriver_studio/toolchain/risc-v embedded gcc/bin/../lib/gcc/riscv-none-embed/8.2.0/../../../../riscv-none-embed/lib/rv32imacxw/ilp32\libg_nano.a(lib_a-findfp.o)
                0x000000000000264c                __sf_fake_stderr
 .rodata.__sf_fake_stdin
                0x000000000000266c       0x20 d:/mounriver_studio/toolchain/risc-v embedded gcc/bin/../lib/gcc/riscv-none-embed/8.2.0/../../../../riscv-none-embed/lib/rv32imacxw/ilp32\libg_nano.a(lib_a-findfp.o)
                0x000000000000266c                __sf_fake_stdin
 .rodata.__sf_fake_stdout
                0x000000000000268c       0x20 d:/mounriver_studio/toolchain/risc-v embedded gcc/bin/../lib/gcc/riscv-none-embed/8.2.0/../../../../riscv-none-embed/lib/rv32imacxw/ilp32\libg_nano.a(lib_a-findfp.o)
                0x000000000000268c                __sf_fake_stdout
 .rodata._svfprintf_r.str1.4
                0x00000000000026ac       0x13 d:/mounriver_studio/toolchain/risc-v embedded gcc/bin/../lib/gcc/riscv-none-embed/8.2.0/../../../../riscv-none-embed/lib/rv32imacxw/ilp32\libg_nano.a(lib_a-nano-svfprintf.o)
 .rodata._vfprintf_r.str1.4
                0x00000000000026bf       0x13 d:/mounriver_studio/toolchain/risc-v embedded gcc/bin/../lib/gcc/riscv-none-embed/8.2.0/../../../../riscv-none-embed/lib/rv32imacxw/ilp32\libg_nano.a(lib_a-nano-vfprintf.o)
 *fill*         0x00000000000026bf        0x1 
 .rodata._printf_i.str1.4
                0x00000000000026c0       0x28 d:/mounriver_studio/toolchain/risc-v embedded gcc/bin/../lib/gcc/riscv-none-embed/8.2.0/../../../../riscv-none-embed/lib/rv32imacxw/ilp32\libg_nano.a(lib_a-nano-vfprintf_i.o)
                                         0x25 (size before relaxing)
 *(.gnu.linkonce.t.*)
                0x00000000000026e8                . = ALIGN (0x4)

.rela.dyn       0x00000000000026e8        0x0
 .rela.init     0x00000000000026e8        0x0 ./User/ch32v30x_it.o
 .rela.vector   0x00000000000026e8        0x0 ./User/ch32v30x_it.o
 .rela.text.handle_reset
                0x00000000000026e8        0x0 ./User/ch32v30x_it.o
 .rela.text._sbrk
                0x00000000000026e8        0x0 ./User/ch32v30x_it.o
 .rela.sdata.curbrk.5265
                0x00000000000026e8        0x0 ./User/ch32v30x_it.o
 .rela.text._svfprintf_r
                0x00000000000026e8        0x0 ./User/ch32v30x_it.o
 .rela.text._vfprintf_r
                0x00000000000026e8        0x0 ./User/ch32v30x_it.o
 .rela.text._sbrk_r
                0x00000000000026e8        0x0 ./User/ch32v30x_it.o
 .rela.text._write_r
                0x00000000000026e8        0x0 ./User/ch32v30x_it.o
 .rela.text._close_r
                0x00000000000026e8        0x0 ./User/ch32v30x_it.o
 .rela.text._fstat_r
                0x00000000000026e8        0x0 ./User/ch32v30x_it.o
 .rela.text._isatty_r
                0x00000000000026e8        0x0 ./User/ch32v30x_it.o
 .rela.text._lseek_r
                0x00000000000026e8        0x0 ./User/ch32v30x_it.o
 .rela.text._read_r
                0x00000000000026e8        0x0 ./User/ch32v30x_it.o
 .rela.text._close
                0x00000000000026e8        0x0 ./User/ch32v30x_it.o
 .rela.text._fstat
                0x00000000000026e8        0x0 ./User/ch32v30x_it.o
 .rela.text._isatty
                0x00000000000026e8        0x0 ./User/ch32v30x_it.o
 .rela.text._lseek
                0x00000000000026e8        0x0 ./User/ch32v30x_it.o
 .rela.text._read
                0x00000000000026e8        0x0 ./User/ch32v30x_it.o

.fini           0x00000000000026e8        0x0
 *(SORT_NONE(.fini))
                0x00000000000026e8                . = ALIGN (0x4)
                [!provide]                        PROVIDE (_etext = .)
                [!provide]                        PROVIDE (_eitcm = .)

.preinit_array  0x00000000000026e8        0x0
                [!provide]                        PROVIDE (__preinit_array_start = .)
 *(.preinit_array)
                [!provide]                        PROVIDE (__preinit_array_end = .)

.init_array     0x00000000000026e8        0x0
                [!provide]                        PROVIDE (__init_array_start = .)
 *(SORT_BY_INIT_PRIORITY(.init_array.*) SORT_BY_INIT_PRIORITY(.ctors.*))
 *(.init_array EXCLUDE_FILE(*crtend?.o *crtend.o *crtbegin?.o *crtbegin.o) .ctors)
                [!provide]                        PROVIDE (__init_array_end = .)

.fini_array     0x00000000000026e8        0x0
                [!provide]                        PROVIDE (__fini_array_start = .)
 *(SORT_BY_INIT_PRIORITY(.fini_array.*) SORT_BY_INIT_PRIORITY(.dtors.*))
 *(.fini_array EXCLUDE_FILE(*crtend?.o *crtend.o *crtbegin?.o *crtbegin.o) .dtors)
                [!provide]                        PROVIDE (__fini_array_end = .)

.ctors
 *crtbegin.o(.ctors)
 *crtbegin?.o(.ctors)
 *(EXCLUDE_FILE(*crtend?.o *crtend.o) .ctors)
 *(SORT_BY_NAME(.ctors.*))
 *(.ctors)

.dtors
 *crtbegin.o(.dtors)
 *crtbegin?.o(.dtors)
 *(EXCLUDE_FILE(*crtend?.o *crtend.o) .dtors)
 *(SORT_BY_NAME(.dtors.*))
 *(.dtors)

.dalign         0x0000000020000000        0x0 load address 0x00000000000026e8
                0x0000000020000000                . = ALIGN (0x4)
                0x0000000020000000                PROVIDE (_data_vma = .)

.dlalign        0x00000000000026e8        0x0
                0x00000000000026e8                . = ALIGN (0x4)
                0x00000000000026e8                PROVIDE (_data_lma = .)

.data           0x0000000020000000       0x98 load address 0x00000000000026e8
 *(.gnu.linkonce.r.*)
 *(.data .data.*)
 .data.AHBPrescTable
                0x0000000020000000       0x10 ./User/system_ch32v30x.o
                0x0000000020000000                AHBPrescTable
 .data.APBAHBPrescTable
                0x0000000020000010       0x10 ./Peripheral/src/ch32v30x_rcc.o
 .data.impure_data
                0x0000000020000020       0x60 d:/mounriver_studio/toolchain/risc-v embedded gcc/bin/../lib/gcc/riscv-none-embed/8.2.0/../../../../riscv-none-embed/lib/rv32imacxw/ilp32\libg_nano.a(lib_a-impure.o)
 *(.gnu.linkonce.d.*)
                0x0000000020000080                . = ALIGN (0x8)
                0x0000000020000880                PROVIDE (__global_pointer$ = (. + 0x800))
 *(.sdata .sdata.*)
 .sdata.SystemCoreClock
                0x0000000020000080        0x4 ./User/system_ch32v30x.o
                0x0000000020000080                SystemCoreClock
 .sdata.ADCPrescTable
                0x0000000020000084        0x4 ./Peripheral/src/ch32v30x_rcc.o
 .sdata.curbrk.5265
                0x0000000020000088        0x4 ./Debug/debug.o
 .sdata._impure_ptr
                0x000000002000008c        0x4 d:/mounriver_studio/toolchain/risc-v embedded gcc/bin/../lib/gcc/riscv-none-embed/8.2.0/../../../../riscv-none-embed/lib/rv32imacxw/ilp32\libg_nano.a(lib_a-impure.o)
                0x000000002000008c                _impure_ptr
 *(.sdata2.*)
 .sdata2._global_impure_ptr
                0x0000000020000090        0x4 d:/mounriver_studio/toolchain/risc-v embedded gcc/bin/../lib/gcc/riscv-none-embed/8.2.0/../../../../riscv-none-embed/lib/rv32imacxw/ilp32\libg_nano.a(lib_a-impure.o)
                0x0000000020000090                _global_impure_ptr
 *(.gnu.linkonce.s.*)
                0x0000000020000098                . = ALIGN (0x8)
 *fill*         0x0000000020000094        0x4 
 *(.srodata.cst16)
 *(.srodata.cst8)
 *(.srodata.cst4)
 *(.srodata.cst2)
 *(.srodata .srodata.*)
                0x0000000020000098                . = ALIGN (0x4)
                0x0000000020000098                PROVIDE (_edata = .)

.bss            0x0000000020000098     0x1f58 load address 0x0000000000002780
                0x0000000020000098                . = ALIGN (0x4)
                0x0000000020000098                PROVIDE (_sbss = .)
 *(.sbss*)
 .sbss.RxCnt    0x0000000020000098        0x1 ./User/main.o
                0x0000000020000098                RxCnt
 *fill*         0x0000000020000099        0x3 
 .sbss.NVIC_Priority_Group
                0x000000002000009c        0x4 ./Peripheral/src/ch32v30x_misc.o
                0x000000002000009c                NVIC_Priority_Group
 .sbss.p_ms     0x00000000200000a0        0x2 ./Debug/debug.o
 .sbss.p_us     0x00000000200000a2        0x1 ./Debug/debug.o
 *fill*         0x00000000200000a3        0x1 
 .sbss.__malloc_free_list
                0x00000000200000a4        0x4 d:/mounriver_studio/toolchain/risc-v embedded gcc/bin/../lib/gcc/riscv-none-embed/8.2.0/../../../../riscv-none-embed/lib/rv32imacxw/ilp32\libg_nano.a(lib_a-nano-mallocr.o)
                0x00000000200000a4                __malloc_free_list
 .sbss.__malloc_sbrk_start
                0x00000000200000a8        0x4 d:/mounriver_studio/toolchain/risc-v embedded gcc/bin/../lib/gcc/riscv-none-embed/8.2.0/../../../../riscv-none-embed/lib/rv32imacxw/ilp32\libg_nano.a(lib_a-nano-mallocr.o)
                0x00000000200000a8                __malloc_sbrk_start
 *(.gnu.linkonce.sb.*)
 *(.bss*)
 .bss.RxBuffer  0x00000000200000ac     0x1f40 ./User/main.o
                0x00000000200000ac                RxBuffer
 *(.gnu.linkonce.b.*)
 *(COMMON*)
 COMMON         0x0000000020001fec        0x4 d:/mounriver_studio/toolchain/risc-v embedded gcc/bin/../lib/gcc/riscv-none-embed/8.2.0/../../../../riscv-none-embed/lib/rv32imacxw/ilp32\libg_nano.a(lib_a-reent.o)
                0x0000000020001fec                errno
                0x0000000020001ff0                . = ALIGN (0x4)
                0x0000000020001ff0                PROVIDE (_ebss = .)
                0x0000000020001ff0                PROVIDE (_end = _ebss)
                [!provide]                        PROVIDE (end = .)

.stack          0x0000000020007800      0x800
                0x0000000020007800                PROVIDE (_heap_end = .)
                0x0000000020007800                . = ALIGN (0x4)
                [!provide]                        PROVIDE (_susrstack = .)
                0x0000000020008000                . = (. + __stack_size)
 *fill*         0x0000000020007800      0x800 
                0x0000000020008000                PROVIDE (_eusrstack = .)
OUTPUT(NearLink_T.elf elf32-littleriscv)

.debug_info     0x0000000000000000     0x912a
 .debug_info    0x0000000000000000      0x962 ./User/ch32v30x_it.o
 .debug_info    0x0000000000000962     0x1801 ./User/main.o
 .debug_info    0x0000000000002163      0xb99 ./User/system_ch32v30x.o
 .debug_info    0x0000000000002cfc       0x22 ./Startup/startup_ch32v30x_D8C.o
 .debug_info    0x0000000000002d1e      0xa94 ./Peripheral/src/ch32v30x_dbgmcu.o
 .debug_info    0x00000000000037b2     0x11cb ./Peripheral/src/ch32v30x_gpio.o
 .debug_info    0x000000000000497d      0xf60 ./Peripheral/src/ch32v30x_misc.o
 .debug_info    0x00000000000058dd     0x156e ./Peripheral/src/ch32v30x_rcc.o
 .debug_info    0x0000000000006e4b     0x13b1 ./Peripheral/src/ch32v30x_usart.o
 .debug_info    0x00000000000081fc      0xf2e ./Debug/debug.o

.debug_abbrev   0x0000000000000000     0x1a10
 .debug_abbrev  0x0000000000000000      0x1cf ./User/ch32v30x_it.o
 .debug_abbrev  0x00000000000001cf      0x323 ./User/main.o
 .debug_abbrev  0x00000000000004f2      0x2c0 ./User/system_ch32v30x.o
 .debug_abbrev  0x00000000000007b2       0x12 ./Startup/startup_ch32v30x_D8C.o
 .debug_abbrev  0x00000000000007c4      0x2f7 ./Peripheral/src/ch32v30x_dbgmcu.o
 .debug_abbrev  0x0000000000000abb      0x31a ./Peripheral/src/ch32v30x_gpio.o
 .debug_abbrev  0x0000000000000dd5      0x2e3 ./Peripheral/src/ch32v30x_misc.o
 .debug_abbrev  0x00000000000010b8      0x351 ./Peripheral/src/ch32v30x_rcc.o
 .debug_abbrev  0x0000000000001409      0x312 ./Peripheral/src/ch32v30x_usart.o
 .debug_abbrev  0x000000000000171b      0x2f5 ./Debug/debug.o

.debug_aranges  0x0000000000000000      0x4d0
 .debug_aranges
                0x0000000000000000       0x28 ./User/ch32v30x_it.o
 .debug_aranges
                0x0000000000000028       0x48 ./User/main.o
 .debug_aranges
                0x0000000000000070       0x28 ./User/system_ch32v30x.o
 .debug_aranges
                0x0000000000000098       0x30 ./Startup/startup_ch32v30x_D8C.o
 .debug_aranges
                0x00000000000000c8       0x48 ./Peripheral/src/ch32v30x_dbgmcu.o
 .debug_aranges
                0x0000000000000110       0xb0 ./Peripheral/src/ch32v30x_gpio.o
 .debug_aranges
                0x00000000000001c0       0x28 ./Peripheral/src/ch32v30x_misc.o
 .debug_aranges
                0x00000000000001e8      0x1a8 ./Peripheral/src/ch32v30x_rcc.o
 .debug_aranges
                0x0000000000000390       0xf0 ./Peripheral/src/ch32v30x_usart.o
 .debug_aranges
                0x0000000000000480       0x50 ./Debug/debug.o

.debug_ranges   0x0000000000000000      0x4a0
 .debug_ranges  0x0000000000000000       0x18 ./User/ch32v30x_it.o
 .debug_ranges  0x0000000000000018       0x38 ./User/main.o
 .debug_ranges  0x0000000000000050       0x38 ./User/system_ch32v30x.o
 .debug_ranges  0x0000000000000088       0x28 ./Startup/startup_ch32v30x_D8C.o
 .debug_ranges  0x00000000000000b0       0x50 ./Peripheral/src/ch32v30x_dbgmcu.o
 .debug_ranges  0x0000000000000100       0xa0 ./Peripheral/src/ch32v30x_gpio.o
 .debug_ranges  0x00000000000001a0       0x48 ./Peripheral/src/ch32v30x_misc.o
 .debug_ranges  0x00000000000001e8      0x198 ./Peripheral/src/ch32v30x_rcc.o
 .debug_ranges  0x0000000000000380       0xe0 ./Peripheral/src/ch32v30x_usart.o
 .debug_ranges  0x0000000000000460       0x40 ./Debug/debug.o

.debug_line     0x0000000000000000     0x5b04
 .debug_line    0x0000000000000000      0x20a ./User/ch32v30x_it.o
 .debug_line    0x000000000000020a      0xa1d ./User/main.o
 .debug_line    0x0000000000000c27      0x895 ./User/system_ch32v30x.o
 .debug_line    0x00000000000014bc      0x122 ./Startup/startup_ch32v30x_D8C.o
 .debug_line    0x00000000000015de      0x339 ./Peripheral/src/ch32v30x_dbgmcu.o
 .debug_line    0x0000000000001917      0xfc5 ./Peripheral/src/ch32v30x_gpio.o
 .debug_line    0x00000000000028dc      0x375 ./Peripheral/src/ch32v30x_misc.o
 .debug_line    0x0000000000002c51     0x1930 ./Peripheral/src/ch32v30x_rcc.o
 .debug_line    0x0000000000004581      0xe9d ./Peripheral/src/ch32v30x_usart.o
 .debug_line    0x000000000000541e      0x6e6 ./Debug/debug.o

.debug_str      0x0000000000000000     0x1db4
 .debug_str     0x0000000000000000      0x538 ./User/ch32v30x_it.o
                                        0x59f (size before relaxing)
 .debug_str     0x0000000000000538      0xa35 ./User/main.o
                                        0xfe2 (size before relaxing)
 .debug_str     0x0000000000000f6d       0xfe ./User/system_ch32v30x.o
                                        0x6be (size before relaxing)
 .debug_str     0x000000000000106b       0x2e ./Startup/startup_ch32v30x_D8C.o
                                         0x53 (size before relaxing)
 .debug_str     0x0000000000001099       0x87 ./Peripheral/src/ch32v30x_dbgmcu.o
                                        0x62f (size before relaxing)
 .debug_str     0x0000000000001120      0x26e ./Peripheral/src/ch32v30x_gpio.o
                                        0x999 (size before relaxing)
 .debug_str     0x000000000000138e      0x102 ./Peripheral/src/ch32v30x_misc.o
                                        0xca2 (size before relaxing)
 .debug_str     0x0000000000001490      0x5ab ./Peripheral/src/ch32v30x_rcc.o
                                        0xcb3 (size before relaxing)
 .debug_str     0x0000000000001a3b      0x2fc ./Peripheral/src/ch32v30x_usart.o
                                        0xad3 (size before relaxing)
 .debug_str     0x0000000000001d37       0x7d ./Debug/debug.o
                                        0x8fa (size before relaxing)

.comment        0x0000000000000000       0x33
 .comment       0x0000000000000000       0x33 ./User/ch32v30x_it.o
                                         0x34 (size before relaxing)
 .comment       0x0000000000000033       0x34 ./User/main.o
 .comment       0x0000000000000033       0x34 ./User/system_ch32v30x.o
 .comment       0x0000000000000033       0x34 ./Peripheral/src/ch32v30x_dbgmcu.o
 .comment       0x0000000000000033       0x34 ./Peripheral/src/ch32v30x_gpio.o
 .comment       0x0000000000000033       0x34 ./Peripheral/src/ch32v30x_misc.o
 .comment       0x0000000000000033       0x34 ./Peripheral/src/ch32v30x_rcc.o
 .comment       0x0000000000000033       0x34 ./Peripheral/src/ch32v30x_usart.o
 .comment       0x0000000000000033       0x34 ./Debug/debug.o

.debug_frame    0x0000000000000000     0x1498
 .debug_frame   0x0000000000000000       0x30 ./User/ch32v30x_it.o
 .debug_frame   0x0000000000000030       0xdc ./User/main.o
 .debug_frame   0x000000000000010c       0x3c ./User/system_ch32v30x.o
 .debug_frame   0x0000000000000148       0x70 ./Peripheral/src/ch32v30x_dbgmcu.o
 .debug_frame   0x00000000000001b8      0x174 ./Peripheral/src/ch32v30x_gpio.o
 .debug_frame   0x000000000000032c       0x30 ./Peripheral/src/ch32v30x_misc.o
 .debug_frame   0x000000000000035c      0x344 ./Peripheral/src/ch32v30x_rcc.o
 .debug_frame   0x00000000000006a0      0x1e4 ./Peripheral/src/ch32v30x_usart.o
 .debug_frame   0x0000000000000884       0xb8 ./Debug/debug.o
 .debug_frame   0x000000000000093c       0x54 d:/mounriver_studio/toolchain/risc-v embedded gcc/bin/../lib/gcc/riscv-none-embed/8.2.0/../../../../riscv-none-embed/lib/rv32imacxw/ilp32\libg_nano.a(lib_a-printf.o)
 .debug_frame   0x0000000000000990       0x54 d:/mounriver_studio/toolchain/risc-v embedded gcc/bin/../lib/gcc/riscv-none-embed/8.2.0/../../../../riscv-none-embed/lib/rv32imacxw/ilp32\libg_nano.a(lib_a-puts.o)
 .debug_frame   0x00000000000009e4       0x48 d:/mounriver_studio/toolchain/risc-v embedded gcc/bin/../lib/gcc/riscv-none-embed/8.2.0/../../../../riscv-none-embed/lib/rv32imacxw/ilp32\libg_nano.a(lib_a-sprintf.o)
 .debug_frame   0x0000000000000a2c       0x20 d:/mounriver_studio/toolchain/risc-v embedded gcc/bin/../lib/gcc/riscv-none-embed/8.2.0/../../../../riscv-none-embed/lib/rv32imacxw/ilp32\libg_nano.a(lib_a-strchr.o)
 .debug_frame   0x0000000000000a4c       0x20 d:/mounriver_studio/toolchain/risc-v embedded gcc/bin/../lib/gcc/riscv-none-embed/8.2.0/../../../../riscv-none-embed/lib/rv32imacxw/ilp32\libg_nano.a(lib_a-strlen.o)
 .debug_frame   0x0000000000000a6c       0x20 d:/mounriver_studio/toolchain/risc-v embedded gcc/bin/../lib/gcc/riscv-none-embed/8.2.0/../../../../riscv-none-embed/lib/rv32imacxw/ilp32\libg_nano.a(lib_a-strncpy.o)
 .debug_frame   0x0000000000000a8c       0x20 d:/mounriver_studio/toolchain/risc-v embedded gcc/bin/../lib/gcc/riscv-none-embed/8.2.0/../../../../riscv-none-embed/lib/rv32imacxw/ilp32\libg_nano.a(lib_a-strstr.o)
 .debug_frame   0x0000000000000aac       0x50 d:/mounriver_studio/toolchain/risc-v embedded gcc/bin/../lib/gcc/riscv-none-embed/8.2.0/../../../../riscv-none-embed/lib/rv32imacxw/ilp32\libg_nano.a(lib_a-wbuf.o)
 .debug_frame   0x0000000000000afc       0x3c d:/mounriver_studio/toolchain/risc-v embedded gcc/bin/../lib/gcc/riscv-none-embed/8.2.0/../../../../riscv-none-embed/lib/rv32imacxw/ilp32\libg_nano.a(lib_a-wsetup.o)
 .debug_frame   0x0000000000000b38       0x7c d:/mounriver_studio/toolchain/risc-v embedded gcc/bin/../lib/gcc/riscv-none-embed/8.2.0/../../../../riscv-none-embed/lib/rv32imacxw/ilp32\libg_nano.a(lib_a-fflush.o)
 .debug_frame   0x0000000000000bb4      0x148 d:/mounriver_studio/toolchain/risc-v embedded gcc/bin/../lib/gcc/riscv-none-embed/8.2.0/../../../../riscv-none-embed/lib/rv32imacxw/ilp32\libg_nano.a(lib_a-findfp.o)
 .debug_frame   0x0000000000000cfc       0x88 d:/mounriver_studio/toolchain/risc-v embedded gcc/bin/../lib/gcc/riscv-none-embed/8.2.0/../../../../riscv-none-embed/lib/rv32imacxw/ilp32\libg_nano.a(lib_a-fwalk.o)
 .debug_frame   0x0000000000000d84       0x64 d:/mounriver_studio/toolchain/risc-v embedded gcc/bin/../lib/gcc/riscv-none-embed/8.2.0/../../../../riscv-none-embed/lib/rv32imacxw/ilp32\libg_nano.a(lib_a-makebuf.o)
 .debug_frame   0x0000000000000de8       0x40 d:/mounriver_studio/toolchain/risc-v embedded gcc/bin/../lib/gcc/riscv-none-embed/8.2.0/../../../../riscv-none-embed/lib/rv32imacxw/ilp32\libg_nano.a(lib_a-nano-freer.o)
 .debug_frame   0x0000000000000e28       0x40 d:/mounriver_studio/toolchain/risc-v embedded gcc/bin/../lib/gcc/riscv-none-embed/8.2.0/../../../../riscv-none-embed/lib/rv32imacxw/ilp32\libg_nano.a(lib_a-nano-mallocr.o)
 .debug_frame   0x0000000000000e68       0xe0 d:/mounriver_studio/toolchain/risc-v embedded gcc/bin/../lib/gcc/riscv-none-embed/8.2.0/../../../../riscv-none-embed/lib/rv32imacxw/ilp32\libg_nano.a(lib_a-nano-svfprintf.o)
 .debug_frame   0x0000000000000f48       0xd0 d:/mounriver_studio/toolchain/risc-v embedded gcc/bin/../lib/gcc/riscv-none-embed/8.2.0/../../../../riscv-none-embed/lib/rv32imacxw/ilp32\libg_nano.a(lib_a-nano-vfprintf.o)
 .debug_frame   0x0000000000001018       0x8c d:/mounriver_studio/toolchain/risc-v embedded gcc/bin/../lib/gcc/riscv-none-embed/8.2.0/../../../../riscv-none-embed/lib/rv32imacxw/ilp32\libg_nano.a(lib_a-nano-vfprintf_i.o)
 .debug_frame   0x00000000000010a4       0x30 d:/mounriver_studio/toolchain/risc-v embedded gcc/bin/../lib/gcc/riscv-none-embed/8.2.0/../../../../riscv-none-embed/lib/rv32imacxw/ilp32\libg_nano.a(lib_a-sbrkr.o)
 .debug_frame   0x00000000000010d4       0xa4 d:/mounriver_studio/toolchain/risc-v embedded gcc/bin/../lib/gcc/riscv-none-embed/8.2.0/../../../../riscv-none-embed/lib/rv32imacxw/ilp32\libg_nano.a(lib_a-stdio.o)
 .debug_frame   0x0000000000001178       0x30 d:/mounriver_studio/toolchain/risc-v embedded gcc/bin/../lib/gcc/riscv-none-embed/8.2.0/../../../../riscv-none-embed/lib/rv32imacxw/ilp32\libg_nano.a(lib_a-writer.o)
 .debug_frame   0x00000000000011a8       0x30 d:/mounriver_studio/toolchain/risc-v embedded gcc/bin/../lib/gcc/riscv-none-embed/8.2.0/../../../../riscv-none-embed/lib/rv32imacxw/ilp32\libg_nano.a(lib_a-closer.o)
 .debug_frame   0x00000000000011d8       0x30 d:/mounriver_studio/toolchain/risc-v embedded gcc/bin/../lib/gcc/riscv-none-embed/8.2.0/../../../../riscv-none-embed/lib/rv32imacxw/ilp32\libg_nano.a(lib_a-fstatr.o)
 .debug_frame   0x0000000000001208       0x30 d:/mounriver_studio/toolchain/risc-v embedded gcc/bin/../lib/gcc/riscv-none-embed/8.2.0/../../../../riscv-none-embed/lib/rv32imacxw/ilp32\libg_nano.a(lib_a-isattyr.o)
 .debug_frame   0x0000000000001238       0x30 d:/mounriver_studio/toolchain/risc-v embedded gcc/bin/../lib/gcc/riscv-none-embed/8.2.0/../../../../riscv-none-embed/lib/rv32imacxw/ilp32\libg_nano.a(lib_a-lseekr.o)
 .debug_frame   0x0000000000001268       0x20 d:/mounriver_studio/toolchain/risc-v embedded gcc/bin/../lib/gcc/riscv-none-embed/8.2.0/../../../../riscv-none-embed/lib/rv32imacxw/ilp32\libg_nano.a(lib_a-memchr.o)
 .debug_frame   0x0000000000001288       0x20 d:/mounriver_studio/toolchain/risc-v embedded gcc/bin/../lib/gcc/riscv-none-embed/8.2.0/../../../../riscv-none-embed/lib/rv32imacxw/ilp32\libg_nano.a(lib_a-memcpy.o)
 .debug_frame   0x00000000000012a8       0x20 d:/mounriver_studio/toolchain/risc-v embedded gcc/bin/../lib/gcc/riscv-none-embed/8.2.0/../../../../riscv-none-embed/lib/rv32imacxw/ilp32\libg_nano.a(lib_a-memmove.o)
 .debug_frame   0x00000000000012c8       0x30 d:/mounriver_studio/toolchain/risc-v embedded gcc/bin/../lib/gcc/riscv-none-embed/8.2.0/../../../../riscv-none-embed/lib/rv32imacxw/ilp32\libg_nano.a(lib_a-mlock.o)
 .debug_frame   0x00000000000012f8       0x40 d:/mounriver_studio/toolchain/risc-v embedded gcc/bin/../lib/gcc/riscv-none-embed/8.2.0/../../../../riscv-none-embed/lib/rv32imacxw/ilp32\libg_nano.a(lib_a-nano-reallocr.o)
 .debug_frame   0x0000000000001338       0x30 d:/mounriver_studio/toolchain/risc-v embedded gcc/bin/../lib/gcc/riscv-none-embed/8.2.0/../../../../riscv-none-embed/lib/rv32imacxw/ilp32\libg_nano.a(lib_a-readr.o)
 .debug_frame   0x0000000000001368       0x70 d:/mounriver_studio/toolchain/risc-v embedded gcc/bin/../lib/gcc/riscv-none-embed/8.2.0/../../../../riscv-none-embed/lib/rv32imacxw/ilp32\libg_nano.a(lib_a-reent.o)
 .debug_frame   0x00000000000013d8       0x20 d:/mounriver_studio/toolchain/risc-v embedded gcc/bin/../lib/gcc/riscv-none-embed/8.2.0/../../../../riscv-none-embed/lib/rv32imacxw/ilp32\libg_nano.a(lib_a-nano-msizer.o)
 .debug_frame   0x00000000000013f8       0x20 d:/mounriver_studio/toolchain/risc-v embedded gcc/bin/../lib/gcc/riscv-none-embed/8.2.0/../../../../riscv-none-embed/lib/rv32imacxw/ilp32\libnosys.a(close.o)
 .debug_frame   0x0000000000001418       0x20 d:/mounriver_studio/toolchain/risc-v embedded gcc/bin/../lib/gcc/riscv-none-embed/8.2.0/../../../../riscv-none-embed/lib/rv32imacxw/ilp32\libnosys.a(fstat.o)
 .debug_frame   0x0000000000001438       0x20 d:/mounriver_studio/toolchain/risc-v embedded gcc/bin/../lib/gcc/riscv-none-embed/8.2.0/../../../../riscv-none-embed/lib/rv32imacxw/ilp32\libnosys.a(isatty.o)
 .debug_frame   0x0000000000001458       0x20 d:/mounriver_studio/toolchain/risc-v embedded gcc/bin/../lib/gcc/riscv-none-embed/8.2.0/../../../../riscv-none-embed/lib/rv32imacxw/ilp32\libnosys.a(lseek.o)
 .debug_frame   0x0000000000001478       0x20 d:/mounriver_studio/toolchain/risc-v embedded gcc/bin/../lib/gcc/riscv-none-embed/8.2.0/../../../../riscv-none-embed/lib/rv32imacxw/ilp32\libnosys.a(read.o)

.debug_loc      0x0000000000000000     0x1ea7
 .debug_loc     0x0000000000000000      0x1ee ./User/main.o
 .debug_loc     0x00000000000001ee      0x163 ./User/system_ch32v30x.o
 .debug_loc     0x0000000000000351       0x6e ./Peripheral/src/ch32v30x_dbgmcu.o
 .debug_loc     0x00000000000003bf      0x6d6 ./Peripheral/src/ch32v30x_gpio.o
 .debug_loc     0x0000000000000a95       0x47 ./Peripheral/src/ch32v30x_misc.o
 .debug_loc     0x0000000000000adc      0xadb ./Peripheral/src/ch32v30x_rcc.o
 .debug_loc     0x00000000000015b7      0x779 ./Peripheral/src/ch32v30x_usart.o
 .debug_loc     0x0000000000001d30      0x177 ./Debug/debug.o

.stab           0x0000000000000000       0x84
 .stab          0x0000000000000000       0x24 d:/mounriver_studio/toolchain/risc-v embedded gcc/bin/../lib/gcc/riscv-none-embed/8.2.0/../../../../riscv-none-embed/lib/rv32imacxw/ilp32\libnosys.a(close.o)
 .stab          0x0000000000000024       0x18 d:/mounriver_studio/toolchain/risc-v embedded gcc/bin/../lib/gcc/riscv-none-embed/8.2.0/../../../../riscv-none-embed/lib/rv32imacxw/ilp32\libnosys.a(fstat.o)
                                         0x24 (size before relaxing)
 .stab          0x000000000000003c       0x18 d:/mounriver_studio/toolchain/risc-v embedded gcc/bin/../lib/gcc/riscv-none-embed/8.2.0/../../../../riscv-none-embed/lib/rv32imacxw/ilp32\libnosys.a(isatty.o)
                                         0x24 (size before relaxing)
 .stab          0x0000000000000054       0x18 d:/mounriver_studio/toolchain/risc-v embedded gcc/bin/../lib/gcc/riscv-none-embed/8.2.0/../../../../riscv-none-embed/lib/rv32imacxw/ilp32\libnosys.a(lseek.o)
                                         0x24 (size before relaxing)
 .stab          0x000000000000006c       0x18 d:/mounriver_studio/toolchain/risc-v embedded gcc/bin/../lib/gcc/riscv-none-embed/8.2.0/../../../../riscv-none-embed/lib/rv32imacxw/ilp32\libnosys.a(read.o)
                                         0x24 (size before relaxing)

.stabstr        0x0000000000000000      0x117
 .stabstr       0x0000000000000000      0x117 d:/mounriver_studio/toolchain/risc-v embedded gcc/bin/../lib/gcc/riscv-none-embed/8.2.0/../../../../riscv-none-embed/lib/rv32imacxw/ilp32\libnosys.a(close.o)
